Archive member included because of file (symbol)

contiki-sky.a(contiki-sky-pla)
                              obj_sky/contiki-sky-main.o (init_platform)
contiki-sky.a(sht11-sensor.o)
                              obj_sky/packet-creator.o (sht11_sensor)
contiki-sky.a(light-sensor.o)
                              obj_sky/packet-creator.o (light_sensor)
contiki-sky.a(battery-sensor.)
                              obj_sky/packet-creator.o (battery_sensor)
contiki-sky.a(button-sensor.o)
                              contiki-sky.a(contiki-sky-pla) (button_sensor)
contiki-sky.a(ds2411.o)       obj_sky/contiki-sky-main.o (ds2411_init)
contiki-sky.a(xmem.o)         obj_sky/contiki-sky-main.o (xmem_init)
contiki-sky.a(node-id.o)      obj_sky/contiki-sky-main.o (node_id_restore)
contiki-sky.a(sensors.o)      contiki-sky.a(button-sensor.o) (sensors_changed)
contiki-sky.a(cc2420.o)       obj_sky/contiki-sky-main.o (cc2420_set_pan_addr)
contiki-sky.a(cc2420-arch.o)  contiki-sky.a(cc2420.o) (cc2420_arch_init)
contiki-sky.a(sky-sensors.o)  contiki-sky.a(light-sensor.o) (sky_sensors_status)
contiki-sky.a(uart1.o)        obj_sky/contiki-sky-main.o (uart1_active)
contiki-sky.a(uart1-putchar.o)
                              obj_sky/packet-buffer.o (putchar)
contiki-sky.a(msp430.o)       contiki-sky.a(uart1.o) (msp430_add_lpm_req)
contiki-sky.a(clock.o)        obj_sky/contiki-sky-main.o (clock_init)
contiki-sky.a(leds.o)         sdn-wise.co (leds_init)
contiki-sky.a(leds-arch.o)    contiki-sky.a(leds.o) (leds_arch_init)
contiki-sky.a(watchdog.o)     obj_sky/contiki-sky-main.o (watchdog_start)
contiki-sky.a(rtimer-arch.o)  obj_sky/contiki-sky-main.o (rtimer_arch_now)
contiki-sky.a(autostart.o)    obj_sky/contiki-sky-main.o (autostart_start)
contiki-sky.a(ctimer.o)       obj_sky/contiki-sky-main.o (ctimer_init)
contiki-sky.a(energest.o)     obj_sky/contiki-sky-main.o (energest_init)
contiki-sky.a(etimer.o)       contiki-sky.a(clock.o) (etimer_request_poll)
contiki-sky.a(process.o)      contiki-sky.a(ctimer.o) (process_current)
contiki-sky.a(rtimer.o)       obj_sky/contiki-sky-main.o (rtimer_init)
contiki-sky.a(timer.o)        obj_sky/contiki-sky-main.o (timer_set)
contiki-sky.a(serial-line.o)  obj_sky/contiki-sky-main.o (serial_line_input_byte)
contiki-sky.a(list.o)         obj_sky/flowtable.o (list_init)
contiki-sky.a(memb.o)         obj_sky/flowtable.o (memb_init)
contiki-sky.a(random.o)       obj_sky/contiki-sky-main.o (random_init)
contiki-sky.a(ringbuf.o)      contiki-sky.a(serial-line.o) (ringbuf_init)
contiki-sky.a(broadcast.o)    sdn-wise.co (broadcast_open)
contiki-sky.a(channel.o)      contiki-sky.a(broadcast.o) (channel_set_attributes)
contiki-sky.a(rime.o)         obj_sky/contiki-sky-main.o (rime_driver)
contiki-sky.a(unicast.o)      sdn-wise.co (unicast_open)
contiki-sky.a(csma.o)         obj_sky/contiki-sky-main.o (csma_driver)
contiki-sky.a(mac.o)          contiki-sky.a(csma.o) (mac_call_sent_callback)
contiki-sky.a(nullrdc.o)      obj_sky/contiki-sky-main.o (nullrdc_driver)
contiki-sky.a(linkaddr.o)     obj_sky/contiki-sky-main.o (linkaddr_copy)
contiki-sky.a(packetbuf.o)    contiki-sky.a(cc2420.o) (packetbuf_set_datalen)
contiki-sky.a(queuebuf.o)     contiki-sky.a(rime.o) (queuebuf_init)
contiki-sky.a(contikimac-fram)
                              contiki-sky.a(nullrdc.o) (contikimac_framer)
contiki-sky.a(nullsec.o)      obj_sky/contiki-sky-main.o (nullsec_driver)
contiki-sky.a(sht11.o)        contiki-sky.a(sht11-sensor.o) (sht11_init)
contiki-sky.a(spi.o)          contiki-sky.a(xmem.o) (spi_init)
contiki-sky.a(abc.o)          contiki-sky.a(broadcast.o) (abc_open)
contiki-sky.a(announcement.o)
                              contiki-sky.a(rime.o) (announcement_init)
contiki-sky.a(broadcast-annou)
                              contiki-sky.a(rime.o) (broadcast_announcement_init)
contiki-sky.a(chameleon.o)    contiki-sky.a(rime.o) (chameleon_init)
contiki-sky.a(framer-802154.o)
                              contiki-sky.a(contikimac-fram) (framer_802154)
contiki-sky.a(chameleon-bitop)
                              contiki-sky.a(chameleon.o) (chameleon_bitopt)
contiki-sky.a(frame802154.o)  contiki-sky.a(framer-802154.o) (frame802154_get_pan_id)
/usr/lib/gcc/msp430/4.6.3/mmpy-16/libgcc.a(_mulsi3.o)
                              contiki-sky.a(csma.o) (__mulsi3)
/usr/lib/gcc/msp430/4.6.3/mmpy-16/libgcc.a(_udivmod16.o)
                              sdn-wise.co (__udivhi3)
/usr/lib/gcc/msp430/4.6.3/mmpy-16/libgcc.a(_divmod16.o)
                              obj_sky/packet-creator.o (__divhi3)
/usr/lib/gcc/msp430/4.6.3/mmpy-16/libgcc.a(_udivmod32.o)
                              obj_sky/contiki-sky-main.o (__udivsi3)
/usr/lib/gcc/msp430/4.6.3/mmpy-16/libgcc.a(_addsub_sf.o)
                              obj_sky/packet-creator.o (__subsf3)
/usr/lib/gcc/msp430/4.6.3/mmpy-16/libgcc.a(_mul_sf.o)
                              obj_sky/packet-creator.o (__mulsf3)
/usr/lib/gcc/msp430/4.6.3/mmpy-16/libgcc.a(_si_to_sf.o)
[...]
Memory Configuration

Name             Origin             Length             Attributes
sfr              0x00000000         0x00000010
peripheral_8bit  0x00000010         0x000000f0
peripheral_16bit 0x00000100         0x00000100
ram_mirror       0x00000200         0x00000800         xw
infomem          0x00001000         0x00000100
infob            0x00001000         0x00000080
infoa            0x00001080         0x00000080
ram              0x00001100         0x00002800         xw
rom              0x00004000         0x0000bfe0         xr
vectors          0x0000ffe0         0x00000020
bsl              0x00000000         0x00000000
infoc            0x00000000         0x00000000
infod            0x00000000         0x00000000
ram2             0x00000000         0x00000000         xw
usbram           0x00000000         0x00000000         xw
far_rom          0x00000000         0x00000000
*default*        0x00000000         0xffffffff

Linker script and memory map

LOAD /usr/lib/gcc/msp430/4.6.3/mmpy-16/crt0ivtbl16.o
LOAD sdn-wise.co
LOAD obj_sky/flowtable.o
LOAD obj_sky/packet-buffer.o
LOAD obj_sky/address.o
LOAD obj_sky/neighbor-table.o
LOAD obj_sky/packet-handler.o
LOAD obj_sky/node-conf.o
LOAD obj_sky/packet-creator.o
LOAD obj_sky/contiki-sky-main.o
LOAD contiki-sky.a
LOAD /usr/lib/gcc/msp430/4.6.3/mmpy-16/libgcc.a
LOAD /usr/lib/gcc/msp430/4.6.3/../../../../msp430/lib/mmpy-16/libc.a
LOAD /usr/lib/gcc/msp430/4.6.3/mmpy-16/libgcc.a
LOAD /usr/lib/gcc/msp430/4.6.3/mmpy-16/libcrt0.a
                0x00000080                PROVIDE (__info_segment_size, 0x80)
                0x00001000                PROVIDE (__infob, 0x1000)
                0x00001080                PROVIDE (__infoa, 0x1080)
                0x00000000                __IE1 = 0x0
                0x00000002                __IFG1 = 0x2
                0x00000004                __ME1 = 0x4
                0x00000001                __IE2 = 0x1
                0x00000003                __IFG2 = 0x3
                0x00000005                __ME2 = 0x5
                0x00000120                __WDTCTL = 0x120
                0x00000130                __MPY = 0x130
                0x00000132                __MPYS = 0x132
                0x00000134                __MAC = 0x134
                0x00000136                __MACS = 0x136
                0x00000138                __OP2 = 0x138
                0x0000013a                __RESLO = 0x13a
                0x0000013c                __RESHI = 0x13c
                0x0000013e                __SUMEXT = 0x13e
                0x00000020                __P1IN = 0x20
                0x00000021                __P1OUT = 0x21
                0x00000022                __P1DIR = 0x22
                0x00000023                __P1IFG = 0x23
                0x00000024                __P1IES = 0x24
                0x00000025                __P1IE = 0x25
                0x00000026                __P1SEL = 0x26
                0x00000028                __P2IN = 0x28
                0x00000029                __P2OUT = 0x29
                0x0000002a                __P2DIR = 0x2a
                0x0000002b                __P2IFG = 0x2b
                0x0000002c                __P2IES = 0x2c
                0x0000002d                __P2IE = 0x2d
                0x0000002e                __P2SEL = 0x2e
                0x00000018                __P3IN = 0x18
                0x00000019                __P3OUT = 0x19
                0x0000001a                __P3DIR = 0x1a
                0x0000001b                __P3SEL = 0x1b
                0x0000001c                __P4IN = 0x1c
                0x0000001d                __P4OUT = 0x1d
                0x0000001e                __P4DIR = 0x1e
                0x0000001f                __P4SEL = 0x1f
                0x00000030                __P5IN = 0x30
                0x00000031                __P5OUT = 0x31
                0x00000032                __P5DIR = 0x32
                0x00000033                __P5SEL = 0x33
                0x00000034                __P6IN = 0x34
                0x00000035                __P6OUT = 0x35
                0x00000036                __P6DIR = 0x36
                0x00000037                __P6SEL = 0x37
                0x00000070                __U0CTL = 0x70
                0x00000071                __U0TCTL = 0x71
                0x00000072                __U0RCTL = 0x72
                0x00000073                __U0MCTL = 0x73
                0x00000074                __U0BR0 = 0x74
                0x00000075                __U0BR1 = 0x75
                0x00000076                __U0RXBUF = 0x76
                0x00000077                __U0TXBUF = 0x77
                0x00000078                __U1CTL = 0x78
                0x00000079                __U1TCTL = 0x79
                0x0000007a                __U1RCTL = 0x7a
                0x0000007b                __U1MCTL = 0x7b
                0x0000007c                __U1BR0 = 0x7c
                0x0000007d                __U1BR1 = 0x7d
                0x0000007e                __U1RXBUF = 0x7e
                0x0000007f                __U1TXBUF = 0x7f
                0x00000050                __I2CIE = 0x50
                0x00000051                __I2CIFG = 0x51
                0x00000052                __I2CNDAT = 0x52
                0x00000071                __I2CTCTL = 0x71
                0x00000072                __I2CDCTL = 0x72
                0x00000073                __I2CPSC = 0x73
                0x00000074                __I2CSCLH = 0x74
                0x00000075                __I2CSCLL = 0x75
                0x00000076                __I2CDRB = 0x76
                0x00000076                __I2CDRW = 0x76
                0x00000118                __I2COA = 0x118
                0x0000011a                __I2CSA = 0x11a
                0x0000011c                __I2CIV = 0x11c
                0x0000012e                __TAIV = 0x12e
                0x00000160                __TACTL = 0x160
                0x00000162                __TACCTL0 = 0x162
                0x00000164                __TACCTL1 = 0x164
                0x00000166                __TACCTL2 = 0x166
                0x00000170                __TAR = 0x170
                0x00000172                __TACCR0 = 0x172
                0x00000174                __TACCR1 = 0x174
                0x00000176                __TACCR2 = 0x176
                0x0000011e                __TBIV = 0x11e
                0x00000180                __TBCTL = 0x180
                0x00000182                __TBCCTL0 = 0x182
                0x00000184                __TBCCTL1 = 0x184
                0x00000186                __TBCCTL2 = 0x186
                0x00000188                __TBCCTL3 = 0x188
                0x0000018a                __TBCCTL4 = 0x18a
                0x0000018c                __TBCCTL5 = 0x18c
                0x0000018e                __TBCCTL6 = 0x18e
                0x00000190                __TBR = 0x190
                0x00000192                __TBCCR0 = 0x192
                0x00000194                __TBCCR1 = 0x194
                0x00000196                __TBCCR2 = 0x196
                0x00000198                __TBCCR3 = 0x198
                0x0000019a                __TBCCR4 = 0x19a
                0x0000019c                __TBCCR5 = 0x19c
                0x0000019e                __TBCCR6 = 0x19e
                0x00000056                __DCOCTL = 0x56
                0x00000057                __BCSCTL1 = 0x57
                0x00000058                __BCSCTL2 = 0x58
                0x00000055                __SVSCTL = 0x55
                0x00000128                __FCTL1 = 0x128
                0x0000012a                __FCTL2 = 0x12a
                0x0000012c                __FCTL3 = 0x12c
                0x00000059                __CACTL1 = 0x59
                0x0000005a                __CACTL2 = 0x5a
                0x0000005b                __CAPD = 0x5b
                0x000001a0                __ADC12CTL0 = 0x1a0
                0x000001a2                __ADC12CTL1 = 0x1a2
                0x000001a4                __ADC12IFG = 0x1a4
                0x000001a6                __ADC12IE = 0x1a6
                0x000001a8                __ADC12IV = 0x1a8
                0x00000140                __ADC12MEM0 = 0x140
                0x00000142                __ADC12MEM1 = 0x142
                0x00000144                __ADC12MEM2 = 0x144
                0x00000146                __ADC12MEM3 = 0x146
                0x00000148                __ADC12MEM4 = 0x148
                0x0000014a                __ADC12MEM5 = 0x14a
                0x0000014c                __ADC12MEM6 = 0x14c
                0x0000014e                __ADC12MEM7 = 0x14e
                0x00000150                __ADC12MEM8 = 0x150
                0x00000152                __ADC12MEM9 = 0x152
                0x00000154                __ADC12MEM10 = 0x154
                0x00000156                __ADC12MEM11 = 0x156
                0x00000158                __ADC12MEM12 = 0x158
                0x0000015a                __ADC12MEM13 = 0x15a
                0x0000015c                __ADC12MEM14 = 0x15c
                0x0000015e                __ADC12MEM15 = 0x15e
                0x00000080                __ADC12MCTL0 = 0x80
                0x00000081                __ADC12MCTL1 = 0x81
                0x00000082                __ADC12MCTL2 = 0x82
                0x00000083                __ADC12MCTL3 = 0x83
                0x00000084                __ADC12MCTL4 = 0x84
                0x00000085                __ADC12MCTL5 = 0x85
                0x00000086                __ADC12MCTL6 = 0x86
                0x00000087                __ADC12MCTL7 = 0x87
                0x00000088                __ADC12MCTL8 = 0x88
                0x00000089                __ADC12MCTL9 = 0x89
                0x0000008a                __ADC12MCTL10 = 0x8a
                0x0000008b                __ADC12MCTL11 = 0x8b
                0x0000008c                __ADC12MCTL12 = 0x8c
                0x0000008d                __ADC12MCTL13 = 0x8d
                0x0000008e                __ADC12MCTL14 = 0x8e
                0x0000008f                __ADC12MCTL15 = 0x8f
                0x000001c0                __DAC12_0CTL = 0x1c0
                0x000001c2                __DAC12_1CTL = 0x1c2
                0x000001c8                __DAC12_0DAT = 0x1c8
                0x000001ca                __DAC12_1DAT = 0x1ca
                0x00000122                __DMACTL0 = 0x122
                0x00000124                __DMACTL1 = 0x124
                0x000001e0                __DMA0CTL = 0x1e0
                0x000001e8                __DMA1CTL = 0x1e8
                0x000001f0                __DMA2CTL = 0x1f0
                0x000001e2                __DMA0SA = 0x1e2
                0x000001e4                __DMA0DA = 0x1e4
                0x000001e6                __DMA0SZ = 0x1e6
                0x000001ea                __DMA1SA = 0x1ea
                0x000001ec                __DMA1DA = 0x1ec
                0x000001ee                __DMA1SZ = 0x1ee
                0x000001f2                __DMA2SA = 0x1f2
                0x000001f4                __DMA2DA = 0x1f4
                0x000001f6                __DMA2SZ = 0x1f6

.hash
 *(.hash)

.dynsym
 *(.dynsym)

.dynstr
 *(.dynstr)

.gnu.version
 *(.gnu.version)

.gnu.version_d
 *(.gnu.version_d)

.gnu.version_r
 *(.gnu.version_r)

.rel.init
 *(.rel.init)

.rela.init
 *(.rela.init)

.rel.fini
 *(.rel.fini)

.rela.fini
 *(.rela.fini)

.rel.text
 *(.rel.text .rel.text.* .rel.gnu.linkonce.t.*)

.rela.text
 *(.rela.text .rela.text.* .rela.gnu.linkonce.t.*)

.rel.rodata
 *(.rel.rodata .rel.rodata.* .rel.gnu.linkonce.r.*)

.rela.rodata
 *(.rela.rodata .rela.rodata.* .rela.gnu.linkonce.r.*)

.rel.data
 *(.rel.data .rel.data.* .rel.gnu.linkonce.d.*)

.rela.data
 *(.rela.data .rela.data.* .rela.gnu.linkonce.d.*)

.rel.bss
 *(.rel.bss .rel.bss.* .rel.gnu.linkonce.b.*)

.rela.bss
 *(.rela.bss .rela.bss.* .rela.gnu.linkonce.b.*)

.rel.ctors
 *(.rel.ctors)

.rela.ctors
 *(.rela.ctors)

.rel.dtors
 *(.rel.dtors)

.rela.dtors
 *(.rela.dtors)

.rel.got
 *(.rel.got)

.rela.got
 *(.rela.got)

.rel.plt
 *(.rel.plt)

.rela.plt
 *(.rela.plt)

.text           0x00004000     0x734c
                0x00004000                . = ALIGN (0x2)
 *(.init .init.*)
 *(.init0)
 .init0         0x00004000        0x0 /usr/lib/gcc/msp430/4.6.3/mmpy-16/libcrt0.a(_reset_vector__.o)
                0x00004000                _reset_vector__
 *(.init1)
 .init1         0x00004000        0xc /usr/lib/gcc/msp430/4.6.3/mmpy-16/libcrt0.a(__watchdog_support.o)
                0x00004000                __watchdog_support
 *(.init2)
 .init2         0x0000400c        0x4 /usr/lib/gcc/msp430/4.6.3/mmpy-16/libcrt0.a(__init_stack.o)
                0x0000400c                __init_stack
 *(.init3)
 .init3         0x00004010        0x0 /usr/lib/gcc/msp430/4.6.3/mmpy-16/libcrt0.a(__low_level_init.o)
                0x00004010                __low_level_init
 *(.init4)
 .init4         0x00004010       0x18 /usr/lib/gcc/msp430/4.6.3/mmpy-16/libcrt0.a(_copy_data.o)
                0x00004010                __do_copy_data
 .init4         0x00004028       0x16 /usr/lib/gcc/msp430/4.6.3/mmpy-16/libcrt0.a(_clear_bss.o)
                0x00004028                __do_clear_bss
 *(.init5)
 *(.init6)
 *(.init7)
 *(.init8)
 *(.init9)
 .init9         0x0000403e      0x2da obj_sky/contiki-sky-main.o
                0x0000403e                main
 *(.fini9)
 .fini9         0x00004318        0x0 /usr/lib/gcc/msp430/4.6.3/mmpy-16/libcrt0.a(__stop_progExec__.o)
                0x00004318                __stop_progExec__
 *(.fini8)
 *(.fini7)
 *(.fini6)
 *(.fini5)
 *(.fini4)
 *(.fini3)
 *(.fini2)
 *(.fini1)
 *(.fini0)
 .fini0         0x00004318        0x6 /usr/lib/gcc/msp430/4.6.3/mmpy-16/libcrt0.a(_endless_loop__.o)
                0x00004318                _endless_loop__
 *(.fini .fini.*)
                0x0000431e                . = ALIGN (0x2)
                0x0000431e                __ctors_start = .
 *(.ctors)
                0x0000431e                __ctors_end = .
                0x0000431e                __dtors_start = .
 *(.dtors)
                0x0000431e                __dtors_end = .
                0x0000431e                . = ALIGN (0x2)
 *(.text .text.* .gnu.linkonce.t.*)
 .text          0x0000431e        0x4 /usr/lib/gcc/msp430/4.6.3/mmpy-16/crt0ivtbl16.o
                0x0000431e                __isr_14
                0x0000431e                __isr_11
                0x0000431e                __isr_2
                0x0000431e                __isr_7
                0x0000431e                __isr_0
                0x0000431e                __isr_8
                0x0000431e                __isr_3
                0x0000431e                __isr_12
                0x0000431e                __isr_13
                0x0000431e                __isr_9
 .text.process_thread_statistics_proc
                0x00004322        0xa sdn-wise.co
 .text.process_thread_message_proc
                0x0000432c        0xa sdn-wise.co
 .text.process_thread_report_timer_proc
                0x00004336       0x64 sdn-wise.co
 .text.process_thread_beacon_timer_proc
                0x0000439a       0x64 sdn-wise.co
 .text.process_thread_timer_proc
                0x000043fe       0x54 sdn-wise.co
 .text.process_thread_packet_handler_proc
                0x00004452       0x44 sdn-wise.co
 .text.process_thread_rf_b_send_proc
                0x00004496       0x86 sdn-wise.co
 .text.broadcast_rx_callback
                0x0000451c       0x26 sdn-wise.co
 .text.unicast_rx_callback
                0x00004542       0x32 sdn-wise.co
 .text.process_thread_rf_u_send_proc
                0x00004574       0xb2 sdn-wise.co
 .text.uart_rx_callback
                0x00004626       0x48 sdn-wise.co
                0x00004626                uart_rx_callback
 .text.rf_unicast_send
                0x0000466e       0x10 sdn-wise.co
                0x0000466e                rf_unicast_send
 .text.rf_broadcast_send
                0x0000467e       0x10 sdn-wise.co
                0x0000467e                rf_broadcast_send
 .text.process_thread_main_proc
                0x0000468e      0x14e sdn-wise.co
 .text.get_operand
                0x000047dc       0x5a obj_sky/flowtable.o
 .text.do_operation
                0x00004836       0x4c obj_sky/flowtable.o
 .text.entry_free
                0x00004882       0x7e obj_sky/flowtable.o
 .text.entry_allocate
                0x00004900       0x64 obj_sky/flowtable.o
 .text.create_entry
                0x00004964        0x6 obj_sky/flowtable.o
                0x00004964                create_entry
 .text.create_window
                0x0000496a        0xa obj_sky/flowtable.o
                0x0000496a                create_window
 .text.create_action
                0x00004974       0x78 obj_sky/flowtable.o
                0x00004974                create_action
 .text.add_window
                0x000049ec        0xa obj_sky/flowtable.o
                0x000049ec                add_window
 .text.add_action
                0x000049f6        0xa obj_sky/flowtable.o
                0x000049f6                add_action
 .text.print_entry
                0x00004a00       0x3a obj_sky/flowtable.o
                0x00004a00                print_entry
 .text.flowtable_init
                0x00004a3a       0x2a obj_sky/flowtable.o
                0x00004a3a                flowtable_init
 .text.get_window_from_array
                0x00004a64       0x80 obj_sky/flowtable.o
                0x00004a64                get_window_from_array
 .text.get_array_from_window
                0x00004ae4       0x54 obj_sky/flowtable.o
                0x00004ae4                get_array_from_window
 .text.get_action_from_array
                0x00004b38       0x10 obj_sky/flowtable.o
                0x00004b38                get_action_from_array
 .text.get_array_from_action
                0x00004b48       0x38 obj_sky/flowtable.o
                0x00004b48                get_array_from_action
 .text.get_entry_from_array
                0x00004b80       0x86 obj_sky/flowtable.o
                0x00004b80                get_entry_from_array
 .text.get_array_from_entry
                0x00004c06       0x78 obj_sky/flowtable.o
                0x00004c06                get_array_from_entry
 .text.get_array_from_entry_id
                0x00004c7e       0x32 obj_sky/flowtable.o
                0x00004c7e                get_array_from_entry_id
 .text.window_cmp
                0x00004cb0       0x3e obj_sky/flowtable.o
                0x00004cb0                window_cmp
 .text.entry_cmp
                0x00004cee       0x58 obj_sky/flowtable.o
                0x00004cee                entry_cmp
 .text.add_entry
                0x00004d46       0x46 obj_sky/flowtable.o
                0x00004d46                add_entry
 .text.match_window
                0x00004d8c       0x8a obj_sky/flowtable.o
                0x00004d8c                match_window
 .text.run_action
                0x00004e16      0x166 obj_sky/flowtable.o
                0x00004e16                run_action
 .text.match_entry
                0x00004f7c       0x76 obj_sky/flowtable.o
                0x00004f7c                match_entry
 .text.match_packet
                0x00004ff2       0x30 obj_sky/flowtable.o
                0x00004ff2                match_packet
 .text.print_packet
                0x00005022       0x1e obj_sky/packet-buffer.o
                0x00005022                print_packet
 .text.packet_deallocate
                0x00005040        0xc obj_sky/packet-buffer.o
                0x00005040                packet_deallocate
 .text.print_packet_uart
                0x0000504c       0x42 obj_sky/packet-buffer.o
                0x0000504c                print_packet_uart
 .text.get_packet_from_array
                0x0000508e       0x26 obj_sky/packet-buffer.o
                0x0000508e                get_packet_from_array
 .text.get_payload_at
                0x000050b4       0x14 obj_sky/packet-buffer.o
                0x000050b4                get_payload_at
 .text.set_payload_at
                0x000050c8       0x2a obj_sky/packet-buffer.o
                0x000050c8                set_payload_at
 .text.create_packet_empty
                0x000050f2       0x36 obj_sky/packet-buffer.o
                0x000050f2                create_packet_empty
 .text.create_packet
                0x00005128       0x7c obj_sky/packet-buffer.o
                0x00005128                create_packet
 .text.create_packet_payload
                0x000051a4       0x3c obj_sky/packet-buffer.o
                0x000051a4                create_packet_payload
 .text.packet_buffer_init
                0x000051e0        0xa obj_sky/packet-buffer.o
                0x000051e0                packet_buffer_init
 .text.swap_addresses
                0x000051ea       0x24 obj_sky/address.o
                0x000051ea                swap_addresses
 .text.print_address
                0x0000520e        0x2 obj_sky/address.o
                0x0000520e                print_address
 .text.get_address_from_int
                0x00005210       0x12 obj_sky/address.o
                0x00005210                get_address_from_int
 .text.get_address_from_array
                0x00005222       0x16 obj_sky/address.o
                0x00005222                get_address_from_array
 .text.set_broadcast_address
                0x00005238        0xa obj_sky/address.o
                0x00005238                set_broadcast_address
 .text.address_cmp
                0x00005242       0x1a obj_sky/address.o
                0x00005242                address_cmp
 .text.address_list_contains
                0x0000525c       0x2e obj_sky/address.o
                0x0000525c                address_list_contains
 .text.is_my_address
                0x0000528a       0x2a obj_sky/address.o
                0x0000528a                is_my_address
 .text.address_list_init
                0x000052b4       0x12 obj_sky/address.o
                0x000052b4                address_list_init
 .text.neighbor_table_contains
                0x000052c6       0x2e obj_sky/neighbor-table.o
                0x000052c6                neighbor_table_contains
 .text.add_neighbor
                0x000052f4       0x58 obj_sky/neighbor-table.o
                0x000052f4                add_neighbor
 .text.fill_payload_with_neighbors
                0x0000534c       0x84 obj_sky/neighbor-table.o
                0x0000534c                fill_payload_with_neighbors
 .text.neighbor_table_init
                0x000053d0       0x12 obj_sky/neighbor-table.o
                0x000053d0                neighbor_table_init
 .text.rx_count_inc
                0x000053e2        0xe obj_sky/neighbor-table.o
                0x000053e2                rx_count_inc
 .text.tx_count_inc
                0x000053f0        0xe obj_sky/neighbor-table.o
                0x000053f0                tx_count_inc
 .text.reset_rx_tx_counts
                0x000053fe       0x1a obj_sky/neighbor-table.o
                0x000053fe                reset_rx_tx_counts
 .text.handle_open_path
                0x00005418      0x214 obj_sky/packet-handler.o
 .text.handle_packet
                0x0000562c      0x212 obj_sky/packet-handler.o
                0x0000562c                handle_packet
 .text.node_conf_init
                0x0000583e       0x7c obj_sky/node-conf.o
                0x0000583e                node_conf_init
 .text.print_node_conf
                0x000058ba       0x24 obj_sky/node-conf.o
                0x000058ba                print_node_conf
 .text.create_beacon
                0x000058de       0x76 obj_sky/packet-creator.o
                0x000058de                create_beacon
 .text.create_report
                0x00005954      0x13e obj_sky/packet-creator.o
                0x00005954                create_report
 .text.create_reg_proxy
                0x00005a92       0x4a obj_sky/packet-creator.o
                0x00005a92                create_reg_proxy
 .text.create_and_send_request
                0x00005adc      0x1a8 obj_sky/packet-creator.o
                0x00005adc                create_and_send_request
 .text.init_platform
                0x00005c84        0xc contiki-sky.a(contiki-sky-pla)
                0x00005c84                init_platform
 .text.status   0x00005c90       0x18 contiki-sky.a(sht11-sensor.o)
 .text.configure
                0x00005ca8       0x40 contiki-sky.a(sht11-sensor.o)
 .text.value    0x00005ce8       0x2e contiki-sky.a(sht11-sensor.o)
 .text.value    0x00005d16       0x1a contiki-sky.a(light-sensor.o)
 .text.status   0x00005d30        0xc contiki-sky.a(light-sensor.o)
 .text.configure
                0x00005d3c       0x10 contiki-sky.a(light-sensor.o)
 .text.value    0x00005d4c        0x6 contiki-sky.a(battery-sensor.)
 .text.status   0x00005d52        0xc contiki-sky.a(battery-sensor.)
 .text.configure
                0x00005d5e       0x12 contiki-sky.a(battery-sensor.)
 .text.status   0x00005d70       0x16 contiki-sky.a(button-sensor.o)
 .text.configure
                0x00005d86       0x52 contiki-sky.a(button-sensor.o)
 .text.value    0x00005dd8       0x22 contiki-sky.a(button-sensor.o)
 .text.irq_p2   0x00005dfa       0x8a contiki-sky.a(button-sensor.o)
                0x00005dfa                irq_p2
                0x00005dfa                __isr_1
 .text.owreadb  0x00005e84       0x52 contiki-sky.a(ds2411.o)
 .text.ds2411_init
                0x00005ed6      0x122 contiki-sky.a(ds2411.o)
                0x00005ed6                ds2411_init
 .text.wait_ready
                0x00005ff8       0x50 contiki-sky.a(xmem.o)
 .text.xmem_init
                0x00006048       0x3e contiki-sky.a(xmem.o)
                0x00006048                xmem_init
 .text.xmem_pread
                0x00006086       0xea contiki-sky.a(xmem.o)
                0x00006086                xmem_pread
 .text.node_id_restore
                0x00006170       0x38 contiki-sky.a(node-id.o)
                0x00006170                node_id_restore
 .text.process_thread_sensors_process
                0x000061a8       0xbe contiki-sky.a(sensors.o)
 .text.sensors_changed
                0x00006266       0x2a contiki-sky.a(sensors.o)
                0x00006266                sensors_changed
 .text.get_object
                0x00006290        0x4 contiki-sky.a(cc2420.o)
 .text.set_object
                0x00006294        0x4 contiki-sky.a(cc2420.o)
 .text.strobe   0x00006298       0x20 contiki-sky.a(cc2420.o)
 .text.getreg   0x000062b8       0x54 contiki-sky.a(cc2420.o)
 .text.setreg   0x0000630c       0x52 contiki-sky.a(cc2420.o)
 .text.write_ram
                0x0000635e       0x80 contiki-sky.a(cc2420.o)
 .text.write_fifo_buf
                0x000063de       0x40 contiki-sky.a(cc2420.o)
 .text.get_status
                0x0000641e       0x24 contiki-sky.a(cc2420.o)
 .text.set_txpower
                0x00006442       0x26 contiki-sky.a(cc2420.o)
 .text.cc2420_receiving_packet
                0x00006468        0xe contiki-sky.a(cc2420.o)
 .text.pending_packet
                0x00006476        0x8 contiki-sky.a(cc2420.o)
 .text.on       0x0000647e       0x26 contiki-sky.a(cc2420.o)
 .text.wait_for_transmission
                0x000064a4       0x22 contiki-sky.a(cc2420.o)
 .text.wait_for_status
                0x000064c6       0x2a contiki-sky.a(cc2420.o)
 .text.getrxdata
                0x000064f0       0x56 contiki-sky.a(cc2420.o)
 .text.flushrx  0x00006546       0x1a contiki-sky.a(cc2420.o)
 .text.off      0x00006560       0x62 contiki-sky.a(cc2420.o)
 .text.RELEASE_LOCK
                0x000065c2       0x28 contiki-sky.a(cc2420.o)
 .text.set_key  0x000065ea       0x18 contiki-sky.a(cc2420.o)
 .text.set_frame_filtering
                0x00006602       0x30 contiki-sky.a(cc2420.o)
 .text.set_auto_ack
                0x00006632       0x30 contiki-sky.a(cc2420.o)
 .text.set_poll_mode
                0x00006662       0x36 contiki-sky.a(cc2420.o)
 .text.cc2420_prepare
                0x00006698       0x3c contiki-sky.a(cc2420.o)
 .text.cc2420_on
                0x000066d4       0x22 contiki-sky.a(cc2420.o)
                0x000066d4                cc2420_on
 .text.cc2420_off
                0x000066f6       0x30 contiki-sky.a(cc2420.o)
                0x000066f6                cc2420_off
 .text.cc2420_cca
                0x00006726       0x5e contiki-sky.a(cc2420.o)
 .text.cc2420_read
                0x00006784       0xc0 contiki-sky.a(cc2420.o)
 .text.process_thread_cc2420_process
                0x00006844       0x58 contiki-sky.a(cc2420.o)
 .text.encrypt  0x0000689c       0x8e contiki-sky.a(cc2420.o)
 .text.cc2420_set_channel
                0x0000692a       0x3c contiki-sky.a(cc2420.o)
                0x0000692a                cc2420_set_channel
 .text.cc2420_set_pan_addr
                0x00006966       0x4c contiki-sky.a(cc2420.o)
                0x00006966                cc2420_set_pan_addr
 .text.cc2420_interrupt
                0x000069b2       0x18 contiki-sky.a(cc2420.o)
                0x000069b2                cc2420_interrupt
 .text.cc2420_set_txpower
                0x000069ca        0xe contiki-sky.a(cc2420.o)
                0x000069ca                cc2420_set_txpower
 .text.cc2420_get_txpower
                0x000069d8       0x1e contiki-sky.a(cc2420.o)
                0x000069d8                cc2420_get_txpower
 .text.cc2420_transmit
                0x000069f6      0x134 contiki-sky.a(cc2420.o)
 .text.cc2420_send
                0x00006b2a       0x12 contiki-sky.a(cc2420.o)
 .text.cc2420_rssi
                0x00006b3c       0x4c contiki-sky.a(cc2420.o)
                0x00006b3c                cc2420_rssi
 .text.get_value
                0x00006b88      0x108 contiki-sky.a(cc2420.o)
 .text.cc2420_set_cca_threshold
                0x00006c90       0x16 contiki-sky.a(cc2420.o)
                0x00006c90                cc2420_set_cca_threshold
 .text.set_value
                0x00006ca6       0xba contiki-sky.a(cc2420.o)
 .text.cc2420_init
                0x00006d60       0xf0 contiki-sky.a(cc2420.o)
                0x00006d60                cc2420_init
 .text.cc2420_port1_interrupt
                0x00006e50       0x62 contiki-sky.a(cc2420-arch.o)
                0x00006e50                __isr_4
                0x00006e50                cc2420_port1_interrupt
 .text.cc2420_arch_init
                0x00006eb2       0x1a contiki-sky.a(cc2420-arch.o)
                0x00006eb2                cc2420_arch_init
 .text.sky_sensors_status
                0x00006ecc       0x42 contiki-sky.a(sky-sensors.o)
                0x00006ecc                sky_sensors_status
 .text.sky_sensors_configure
                0x00006f0e       0xfc contiki-sky.a(sky-sensors.o)
                0x00006f0e                sky_sensors_configure
 .text.handle_rxdma_timer
                0x0000700a       0x3a contiki-sky.a(uart1.o)
 .text.uart1_active
                0x00007044       0x1a contiki-sky.a(uart1.o)
                0x00007044                uart1_active
 .text.uart1_set_input
                0x0000705e       0x20 contiki-sky.a(uart1.o)
                0x0000705e                uart1_set_input
 .text.uart1_writeb
                0x0000707e       0x1a contiki-sky.a(uart1.o)
                0x0000707e                uart1_writeb
 .text.uart1_init
                0x00007098       0xf6 contiki-sky.a(uart1.o)
                0x00007098                uart1_init
 .text.putchar  0x0000718e       0x10 contiki-sky.a(uart1-putchar.o)
                0x0000718e                putchar
 .text.msp430_init_dco
                0x0000719e       0x84 contiki-sky.a(msp430.o)
                0x0000719e                msp430_init_dco
 .text.msp430_add_lpm_req
                0x00007222        0xc contiki-sky.a(msp430.o)
                0x00007222                msp430_add_lpm_req
 .text.msp430_cpu_init
                0x0000722e       0x2a contiki-sky.a(msp430.o)
                0x0000722e                msp430_cpu_init
 .text.splhigh_
                0x00007258        0x8 contiki-sky.a(msp430.o)
                0x00007258                splhigh_
 .text.msp430_sync_dco
                0x00007260       0x68 contiki-sky.a(msp430.o)
                0x00007260                msp430_sync_dco
 .text.timera1  0x000072c8      0x11e contiki-sky.a(clock.o)
                0x000072c8                __isr_5
                0x000072c8                timera1
 .text.clock_time
                0x000073e6       0x1a contiki-sky.a(clock.o)
                0x000073e6                clock_time
 .text.clock_init
                0x00007400       0x28 contiki-sky.a(clock.o)
                0x00007400                clock_init
 .text.clock_delay
                0x00007428        0xc contiki-sky.a(clock.o)
                0x00007428                clock_delay
 .text.clock_wait
                0x00007434       0x34 contiki-sky.a(clock.o)
                0x00007434                clock_wait
 .text.show_leds
                0x00007468       0xf6 contiki-sky.a(leds.o)
 .text.leds_init
                0x0000755e        0xa contiki-sky.a(leds.o)
                0x0000755e                leds_init
 .text.leds_on  0x00007568        0xa contiki-sky.a(leds.o)
                0x00007568                leds_on
 .text.leds_off
                0x00007572        0xe contiki-sky.a(leds.o)
                0x00007572                leds_off
 .text.leds_toggle
                0x00007580        0xa contiki-sky.a(leds.o)
                0x00007580                leds_toggle
 .text.leds_arch_init
                0x0000758a        0xe contiki-sky.a(leds-arch.o)
                0x0000758a                leds_arch_init
 .text.leds_arch_set
                0x00007598       0x3a contiki-sky.a(leds-arch.o)
                0x00007598                leds_arch_set
 .text.watchdog_interrupt
                0x000075d2        0x6 contiki-sky.a(watchdog.o)
                0x000075d2                __isr_10
                0x000075d2                watchdog_interrupt
 .text.watchdog_start
                0x000075d8       0x14 contiki-sky.a(watchdog.o)
                0x000075d8                watchdog_start
 .text.watchdog_periodic
                0x000075ec       0x12 contiki-sky.a(watchdog.o)
                0x000075ec                watchdog_periodic
 .text.watchdog_stop
                0x000075fe       0x16 contiki-sky.a(watchdog.o)
                0x000075fe                watchdog_stop
 .text.watchdog_init
                0x00007614       0x14 contiki-sky.a(watchdog.o)
                0x00007614                watchdog_init
 .text.watchdog_reboot
                0x00007628        0x6 contiki-sky.a(watchdog.o)
                0x00007628                watchdog_reboot
 .text.rtimer_arch_init
                0x0000762e        0xe contiki-sky.a(rtimer-arch.o)
                0x0000762e                rtimer_arch_init
 .text.rtimer_arch_now
                0x0000763c        0xe contiki-sky.a(rtimer-arch.o)
                0x0000763c                rtimer_arch_now
 .text.timera0  0x0000764a       0x70 contiki-sky.a(rtimer-arch.o)
                0x0000764a                __isr_6
                0x0000764a                timera0
 .text.rtimer_arch_schedule
                0x000076ba        0x6 contiki-sky.a(rtimer-arch.o)
                0x000076ba                rtimer_arch_schedule
 .text.autostart_start
                0x000076c0       0x16 contiki-sky.a(autostart.o)
                0x000076c0                autostart_start
 .text.process_thread_ctimer_process
                0x000076d6       0xa4 contiki-sky.a(ctimer.o)
 .text.ctimer_init
                0x0000777a       0x18 contiki-sky.a(ctimer.o)
                0x0000777a                ctimer_init
 .text.ctimer_set_with_process
                0x00007792       0x4e contiki-sky.a(ctimer.o)
                0x00007792                ctimer_set_with_process
 .text.ctimer_set
                0x000077e0       0x10 contiki-sky.a(ctimer.o)
                0x000077e0                ctimer_set
 .text.ctimer_reset
                0x000077f0       0x30 contiki-sky.a(ctimer.o)
                0x000077f0                ctimer_reset
 .text.ctimer_stop
                0x00007820       0x28 contiki-sky.a(ctimer.o)
                0x00007820                ctimer_stop
 .text.energest_init
                0x00007848       0x28 contiki-sky.a(energest.o)
                0x00007848                energest_init
 .text.energest_type_time
                0x00007870       0x46 contiki-sky.a(energest.o)
                0x00007870                energest_type_time
 .text.energest_type_set
                0x000078b6        0xe contiki-sky.a(energest.o)
                0x000078b6                energest_type_set
 .text.energest_flush
                0x000078c4       0x48 contiki-sky.a(energest.o)
                0x000078c4                energest_flush
 .text.update_time
                0x0000790c       0x78 contiki-sky.a(etimer.o)
 .text.etimer_request_poll
                0x00007984        0xa contiki-sky.a(etimer.o)
                0x00007984                etimer_request_poll
 .text.process_thread_etimer_process
                0x0000798e       0xc8 contiki-sky.a(etimer.o)
 .text.add_timer
                0x00007a56       0x40 contiki-sky.a(etimer.o)
 .text.etimer_set
                0x00007a96       0x12 contiki-sky.a(etimer.o)
                0x00007a96                etimer_set
 .text.etimer_reset
                0x00007aa8       0x12 contiki-sky.a(etimer.o)
                0x00007aa8                etimer_reset
 .text.etimer_expired
                0x00007aba        0xe contiki-sky.a(etimer.o)
                0x00007aba                etimer_expired
 .text.etimer_pending
                0x00007ac8        0xc contiki-sky.a(etimer.o)
                0x00007ac8                etimer_pending
 .text.etimer_next_expiration_time
                0x00007ad4       0x16 contiki-sky.a(etimer.o)
                0x00007ad4                etimer_next_expiration_time
 .text.etimer_stop
                0x00007aea       0x3c contiki-sky.a(etimer.o)
                0x00007aea                etimer_stop
 .text.call_process
                0x00007b26       0x4a contiki-sky.a(process.o)
 .text.exit_process
                0x00007b70       0x96 contiki-sky.a(process.o)
 .text.do_poll  0x00007c06       0x30 contiki-sky.a(process.o)
 .text.process_alloc_event
                0x00007c36        0xe contiki-sky.a(process.o)
                0x00007c36                process_alloc_event
 .text.process_init
                0x00007c44       0x1c contiki-sky.a(process.o)
                0x00007c44                process_init
 .text.process_run
                0x00007c60       0x92 contiki-sky.a(process.o)
                0x00007c60                process_run
 .text.process_nevents
                0x00007cf2        0xe contiki-sky.a(process.o)
                0x00007cf2                process_nevents
 .text.process_post
                0x00007d00       0x4e contiki-sky.a(process.o)
                0x00007d00                process_post
 .text.process_post_synch
                0x00007d4e       0x12 contiki-sky.a(process.o)
                0x00007d4e                process_post_synch
 .text.process_start
                0x00007d60       0x32 contiki-sky.a(process.o)
                0x00007d60                process_start
 .text.process_poll
                0x00007d92       0x18 contiki-sky.a(process.o)
                0x00007d92                process_poll
 .text.rtimer_init
                0x00007daa        0x6 contiki-sky.a(rtimer.o)
                0x00007daa                rtimer_init
 .text.rtimer_run_next
                0x00007db0       0x26 contiki-sky.a(rtimer.o)
                0x00007db0                rtimer_run_next
 .text.timer_set
                0x00007dd6       0x1c contiki-sky.a(timer.o)
                0x00007dd6                timer_set
 .text.timer_reset
                0x00007df2        0xe contiki-sky.a(timer.o)
                0x00007df2                timer_reset
 .text.timer_expired
                0x00007e00       0x2a contiki-sky.a(timer.o)
                0x00007e00                timer_expired
 .text.process_thread_serial_line_process
                0x00007e2a       0x9c contiki-sky.a(serial-line.o)
 .text.serial_line_input_byte
                0x00007ec6       0x4a contiki-sky.a(serial-line.o)
                0x00007ec6                serial_line_input_byte
 .text.serial_line_init
                0x00007f10       0x1c contiki-sky.a(serial-line.o)
                0x00007f10                serial_line_init
 .text.list_init
                0x00007f2c        0x6 contiki-sky.a(list.o)
                0x00007f2c                list_init
 .text.list_head
                0x00007f32        0x4 contiki-sky.a(list.o)
                0x00007f32                list_head
 .text.list_tail
                0x00007f36       0x12 contiki-sky.a(list.o)
                0x00007f36                list_tail
 .text.list_remove
                0x00007f48       0x34 contiki-sky.a(list.o)
                0x00007f48                list_remove
 .text.list_push
                0x00007f7c       0x1a contiki-sky.a(list.o)
                0x00007f7c                list_push
 .text.list_add
                0x00007f96       0x2a contiki-sky.a(list.o)
                0x00007f96                list_add
 .text.list_length
                0x00007fc0       0x10 contiki-sky.a(list.o)
                0x00007fc0                list_length
 .text.list_item_next
                0x00007fd0        0xc contiki-sky.a(list.o)
                0x00007fd0                list_item_next
 .text.memb_init
                0x00007fdc       0x36 contiki-sky.a(memb.o)
                0x00007fdc                memb_init
 .text.memb_alloc
                0x00008012       0x3e contiki-sky.a(memb.o)
                0x00008012                memb_alloc
 .text.memb_free
                0x00008050       0x3a contiki-sky.a(memb.o)
                0x00008050                memb_free
 .text.memb_inmemb
                0x0000808a       0x2e contiki-sky.a(memb.o)
                0x0000808a                memb_inmemb
 .text.random_init
                0x000080b8        0x6 contiki-sky.a(random.o)
                0x000080b8                random_init
 .text.random_rand
                0x000080be        0x6 contiki-sky.a(random.o)
                0x000080be                random_rand
 .text.ringbuf_init
                0x000080c4       0x14 contiki-sky.a(ringbuf.o)
                0x000080c4                ringbuf_init
 .text.ringbuf_put
                0x000080d8       0x38 contiki-sky.a(ringbuf.o)
                0x000080d8                ringbuf_put
 .text.ringbuf_get
                0x00008110       0x34 contiki-sky.a(ringbuf.o)
                0x00008110                ringbuf_get
 .text.sent_by_abc
                0x00008144       0x10 contiki-sky.a(broadcast.o)
 .text.recv_from_abc
                0x00008154       0x26 contiki-sky.a(broadcast.o)
 .text.broadcast_open
                0x0000817a       0x2a contiki-sky.a(broadcast.o)
                0x0000817a                broadcast_open
 .text.broadcast_close
                0x000081a4        0x6 contiki-sky.a(broadcast.o)
                0x000081a4                broadcast_close
 .text.broadcast_send
                0x000081aa       0x1a contiki-sky.a(broadcast.o)
                0x000081aa                broadcast_send
 .text.channel_init
                0x000081c4        0xa contiki-sky.a(channel.o)
                0x000081c4                channel_init
 .text.channel_open
                0x000081ce       0x10 contiki-sky.a(channel.o)
                0x000081ce                channel_open
 .text.channel_close
                0x000081de        0xc contiki-sky.a(channel.o)
                0x000081de                channel_close
 .text.channel_lookup
                0x000081ea       0x20 contiki-sky.a(channel.o)
                0x000081ea                channel_lookup
 .text.channel_set_attributes
                0x0000820a       0x24 contiki-sky.a(channel.o)
                0x0000820a                channel_set_attributes
 .text.input    0x0000822e       0x3a contiki-sky.a(rime.o)
 .text.init     0x00008268       0x2e contiki-sky.a(rime.o)
 .text.packet_sent
                0x00008296       0x44 contiki-sky.a(rime.o)
 .text.rime_output
                0x000082da       0x24 contiki-sky.a(rime.o)
                0x000082da                rime_output
 .text.sent_by_broadcast
                0x000082fe       0x10 contiki-sky.a(unicast.o)
 .text.recv_from_broadcast
                0x0000830e       0x2e contiki-sky.a(unicast.o)
 .text.unicast_open
                0x0000833c       0x2a contiki-sky.a(unicast.o)
                0x0000833c                unicast_open
 .text.unicast_close
                0x00008366        0x6 contiki-sky.a(unicast.o)
                0x00008366                unicast_close
 .text.unicast_send
                0x0000836c       0x16 contiki-sky.a(unicast.o)
                0x0000836c                unicast_send
 .text.input_packet
                0x00008382        0x6 contiki-sky.a(csma.o)
 .text.on       0x00008388        0x6 contiki-sky.a(csma.o)
 .text.off      0x0000838e        0x6 contiki-sky.a(csma.o)
 .text.channel_check_interval
                0x00008394       0x10 contiki-sky.a(csma.o)
 .text.transmit_packet_list
                0x000083a4       0x24 contiki-sky.a(csma.o)
 .text.schedule_transmission
                0x000083c8       0x94 contiki-sky.a(csma.o)
 .text.send_packet
                0x0000845c      0x170 contiki-sky.a(csma.o)
 .text.init     0x000085cc       0x1a contiki-sky.a(csma.o)
 .text.tx_done  0x000085e6       0x98 contiki-sky.a(csma.o)
 .text.packet_sent
                0x0000867e       0xd2 contiki-sky.a(csma.o)
 .text.mac_call_sent_callback
                0x00008750       0x14 contiki-sky.a(mac.o)
                0x00008750                mac_call_sent_callback
 .text.on       0x00008764        0x6 contiki-sky.a(nullrdc.o)
 .text.channel_check_interval
                0x0000876a        0x4 contiki-sky.a(nullrdc.o)
 .text.init     0x0000876e        0x6 contiki-sky.a(nullrdc.o)
 .text.send_one_packet
                0x00008774       0x6a contiki-sky.a(nullrdc.o)
 .text.send_list
                0x000087de       0x30 contiki-sky.a(nullrdc.o)
 .text.send_packet
                0x0000880e        0x6 contiki-sky.a(nullrdc.o)
 .text.off      0x00008814       0x10 contiki-sky.a(nullrdc.o)
 .text.packet_input
                0x00008824       0x26 contiki-sky.a(nullrdc.o)
 .text.linkaddr_copy
                0x0000884a        0xc contiki-sky.a(linkaddr.o)
                0x0000884a                linkaddr_copy
 .text.linkaddr_cmp
                0x00008856       0x12 contiki-sky.a(linkaddr.o)
                0x00008856                linkaddr_cmp
 .text.linkaddr_set_node_addr
                0x00008868        0xc contiki-sky.a(linkaddr.o)
                0x00008868                linkaddr_set_node_addr
 .text.packetbuf_hdrreduce
                0x00008874       0x1a contiki-sky.a(packetbuf.o)
                0x00008874                packetbuf_hdrreduce
 .text.packetbuf_set_datalen
                0x0000888e        0x6 contiki-sky.a(packetbuf.o)
                0x0000888e                packetbuf_set_datalen
 .text.packetbuf_hdrptr
                0x00008894        0x6 contiki-sky.a(packetbuf.o)
                0x00008894                packetbuf_hdrptr
 .text.packetbuf_datalen
                0x0000889a        0x6 contiki-sky.a(packetbuf.o)
                0x0000889a                packetbuf_datalen
 .text.packetbuf_hdrlen
                0x000088a0        0xa contiki-sky.a(packetbuf.o)
                0x000088a0                packetbuf_hdrlen
 .text.packetbuf_dataptr
                0x000088aa        0xc contiki-sky.a(packetbuf.o)
                0x000088aa                packetbuf_dataptr
 .text.packetbuf_copyto
                0x000088b6       0x46 contiki-sky.a(packetbuf.o)
                0x000088b6                packetbuf_copyto
 .text.packetbuf_compact
                0x000088fc       0x36 contiki-sky.a(packetbuf.o)
                0x000088fc                packetbuf_compact
 .text.packetbuf_totlen
                0x00008932        0xc contiki-sky.a(packetbuf.o)
                0x00008932                packetbuf_totlen
 .text.packetbuf_hdralloc
                0x0000893e       0x3a contiki-sky.a(packetbuf.o)
                0x0000893e                packetbuf_hdralloc
 .text.packetbuf_attr_clear
                0x00008978       0x2c contiki-sky.a(packetbuf.o)
                0x00008978                packetbuf_attr_clear
 .text.packetbuf_clear
                0x000089a4       0x12 contiki-sky.a(packetbuf.o)
                0x000089a4                packetbuf_clear
 .text.packetbuf_copyfrom
                0x000089b6       0x2e contiki-sky.a(packetbuf.o)
                0x000089b6                packetbuf_copyfrom
 .text.packetbuf_attr_copyto
                0x000089e4       0x20 contiki-sky.a(packetbuf.o)
                0x000089e4                packetbuf_attr_copyto
 .text.packetbuf_attr_copyfrom
                0x00008a04       0x22 contiki-sky.a(packetbuf.o)
                0x00008a04                packetbuf_attr_copyfrom
 .text.packetbuf_holds_broadcast
                0x00008a26        0xe contiki-sky.a(packetbuf.o)
                0x00008a26                packetbuf_holds_broadcast
 .text.queuebuf_init
                0x00008a34       0x12 contiki-sky.a(queuebuf.o)
                0x00008a34                queuebuf_init
 .text.queuebuf_new_from_packetbuf
                0x00008a46       0x52 contiki-sky.a(queuebuf.o)
                0x00008a46                queuebuf_new_from_packetbuf
 .text.queuebuf_update_attr_from_packetbuf
                0x00008a98       0x12 contiki-sky.a(queuebuf.o)
                0x00008a98                queuebuf_update_attr_from_packetbuf
 .text.queuebuf_free
                0x00008aaa       0x2a contiki-sky.a(queuebuf.o)
                0x00008aaa                queuebuf_free
 .text.queuebuf_to_packetbuf
                0x00008ad4       0x32 contiki-sky.a(queuebuf.o)
                0x00008ad4                queuebuf_to_packetbuf
 .text.queuebuf_attr
                0x00008b06        0xe contiki-sky.a(queuebuf.o)
                0x00008b06                queuebuf_attr
 .text.hdr_length
                0x00008b14        0x8 contiki-sky.a(contikimac-fram)
 .text.parse    0x00008b1c       0x3a contiki-sky.a(contikimac-fram)
 .text.create   0x00008b56       0x74 contiki-sky.a(contikimac-fram)
 .text.init     0x00008bca        0x2 contiki-sky.a(nullsec.o)
 .text.send     0x00008bcc        0xa contiki-sky.a(nullsec.o)
 .text.input    0x00008bd6        0x6 contiki-sky.a(nullsec.o)
 .text.crc8_add
                0x00008bdc       0x1c contiki-sky.a(sht11.o)
 .text.sstart   0x00008bf8       0x3e contiki-sky.a(sht11.o)
 .text.swrite   0x00008c36       0x52 contiki-sky.a(sht11.o)
 .text.sread    0x00008c88       0x4e contiki-sky.a(sht11.o)
 .text.sreset   0x00008cd6       0x2a contiki-sky.a(sht11.o)
 .text.scmd.part.0
                0x00008d00       0xb0 contiki-sky.a(sht11.o)
 .text.sht11_init
                0x00008db0       0x1a contiki-sky.a(sht11.o)
                0x00008db0                sht11_init
 .text.sht11_off
                0x00008dca       0x14 contiki-sky.a(sht11.o)
                0x00008dca                sht11_off
 .text.sht11_temp
                0x00008dde        0xa contiki-sky.a(sht11.o)
                0x00008dde                sht11_temp
 .text.sht11_humidity
                0x00008de8        0xa contiki-sky.a(sht11.o)
                0x00008de8                sht11_humidity
 .text.sht11_sreg
                0x00008df2       0x7a contiki-sky.a(sht11.o)
                0x00008df2                sht11_sreg
 .text.spi_init
                0x00008e6c       0x32 contiki-sky.a(spi.o)
                0x00008e6c                spi_init
 .text.abc_open
                0x00008e9e       0x26 contiki-sky.a(abc.o)
                0x00008e9e                abc_open
 .text.abc_close
                0x00008ec4        0x6 contiki-sky.a(abc.o)
                0x00008ec4                abc_close
 .text.abc_send
                0x00008eca        0x6 contiki-sky.a(abc.o)
                0x00008eca                abc_send
 .text.abc_input
                0x00008ed0        0xe contiki-sky.a(abc.o)
                0x00008ed0                abc_input
 .text.abc_sent
                0x00008ede       0x10 contiki-sky.a(abc.o)
                0x00008ede                abc_sent
 .text.announcement_init
                0x00008eee        0xa contiki-sky.a(announcement.o)
                0x00008eee                announcement_init
 .text.announcement_register_observer_callback
                0x00008ef8        0x6 contiki-sky.a(announcement.o)
                0x00008ef8                announcement_register_observer_callback
 .text.announcement_list
                0x00008efe        0xa contiki-sky.a(announcement.o)
                0x00008efe                announcement_list
 .text.announcement_heard
                0x00008f08       0x42 contiki-sky.a(announcement.o)
                0x00008f08                announcement_heard
 .text.adv_packet_sent
                0x00008f4a        0x2 contiki-sky.a(broadcast-annou)
 .text.adv_packet_received
                0x00008f4c       0x66 contiki-sky.a(broadcast-annou)
 .text.set_timers
                0x00008fb2       0x4a contiki-sky.a(broadcast-annou)
 .text.send_timer
                0x00008ffc       0x36 contiki-sky.a(broadcast-annou)
 .text.new_announcement
                0x00009032       0x18 contiki-sky.a(broadcast-annou)
 .text.send_adv
                0x0000904a       0x66 contiki-sky.a(broadcast-annou)
 .text.broadcast_announcement_init
                0x000090b0       0x48 contiki-sky.a(broadcast-annou)
                0x000090b0                broadcast_announcement_init
 .text.chameleon_init
                0x000090f8        0x6 contiki-sky.a(chameleon.o)
                0x000090f8                chameleon_init
 .text.chameleon_parse
                0x000090fe       0x10 contiki-sky.a(chameleon.o)
                0x000090fe                chameleon_parse
 .text.chameleon_create
                0x0000910e       0x1c contiki-sky.a(chameleon.o)
                0x0000910e                chameleon_create
 .text.chameleon_hdrsize
                0x0000912a        0x6 contiki-sky.a(chameleon.o)
                0x0000912a                chameleon_hdrsize
 .text.parse    0x00009130       0xb0 contiki-sky.a(framer-802154.o)
 .text.create_frame.isra.0
                0x000091e0      0x114 contiki-sky.a(framer-802154.o)
 .text.create   0x000092f4        0x8 contiki-sky.a(framer-802154.o)
 .text.hdr_length
                0x000092fc        0x8 contiki-sky.a(framer-802154.o)
 .text.get_bits_in_byte
                0x00009304       0x3a contiki-sky.a(chameleon-bitop)
 .text.header_size
                0x0000933e       0x16 contiki-sky.a(chameleon-bitop)
 .text.get_bits
                0x00009354       0xa4 contiki-sky.a(chameleon-bitop)
                0x00009354                get_bits
 .text.unpack_header
                0x000093f8       0xdc contiki-sky.a(chameleon-bitop)
 .text.set_bits
                0x000094d4      0x116 contiki-sky.a(chameleon-bitop)
                0x000094d4                set_bits
 .text.pack_header
                0x000095ea       0xc4 contiki-sky.a(chameleon-bitop)
 .text.frame802154_get_pan_id
                0x000096ae        0x6 contiki-sky.a(frame802154.o)
                0x000096ae                frame802154_get_pan_id
 .text.frame802154_has_panid
                0x000096b4       0xdc contiki-sky.a(frame802154.o)
                0x000096b4                frame802154_has_panid
 .text.field_len
                0x00009790       0xb2 contiki-sky.a(frame802154.o)
 .text.frame802154_is_broadcast_addr
                0x00009842       0x24 contiki-sky.a(frame802154.o)
                0x00009842                frame802154_is_broadcast_addr
 .text.frame802154_hdrlen
                0x00009866       0x32 contiki-sky.a(frame802154.o)
                0x00009866                frame802154_hdrlen
 .text.frame802154_create_fcf
                0x00009898       0x96 contiki-sky.a(frame802154.o)
                0x00009898                frame802154_create_fcf
 .text.frame802154_create
                0x0000992e       0xe4 contiki-sky.a(frame802154.o)
                0x0000992e                frame802154_create
 .text.frame802154_parse_fcf
                0x00009a12       0xbe contiki-sky.a(frame802154.o)
                0x00009a12                frame802154_parse_fcf
 .text.frame802154_parse
                0x00009ad0      0x18c contiki-sky.a(frame802154.o)
                0x00009ad0                frame802154_parse
 .text.libgcc   0x00009c5c       0x2c /usr/lib/gcc/msp430/4.6.3/mmpy-16/libgcc.a(_mulsi3.o)
                0x00009c5c                __mulsi3
 .text.libgcc   0x00009c88       0x22 /usr/lib/gcc/msp430/4.6.3/mmpy-16/libgcc.a(_udivmod16.o)
                0x00009c88                __udivhi3
                0x00009c88                __ext_udivmod16
                0x00009ca2                __umodhi3
 .text.libgcc   0x00009caa       0x3a /usr/lib/gcc/msp430/4.6.3/mmpy-16/libgcc.a(_divmod16.o)
                0x00009caa                __ext_divmod16
                0x00009caa                __divhi3
                0x00009cdc                __modhi3
 .text.libgcc   0x00009ce4       0x40 /usr/lib/gcc/msp430/4.6.3/mmpy-16/libgcc.a(_udivmod32.o)
                0x00009ce4                __udivsi3
                0x00009ce4                __ext_udivmod32
                0x00009d1a                __umodsi3
 .text          0x00009d24      0x32e /usr/lib/gcc/msp430/4.6.3/mmpy-16/libgcc.a(_addsub_sf.o)
                0x00009fb6                __addsf3
                0x0000a002                __subsf3
 .text          0x0000a052      0x224 /usr/lib/gcc/msp430/4.6.3/mmpy-16/libgcc.a(_mul_sf.o)
                0x0000a052                __mulsf3
 .text          0x0000a276       0xa6 /usr/lib/gcc/msp430/4.6.3/mmpy-16/libgcc.a(_si_to_sf.o)
                0x0000a276                __floatsisf
 .text          0x0000a31c       0x90 /usr/lib/gcc/msp430/4.6.3/mmpy-16/libgcc.a(_sf_to_si.o)
                0x0000a31c                __fixsfsi
 .text          0x0000a3ac       0xe2 /usr/lib/gcc/msp430/4.6.3/mmpy-16/libgcc.a(_usi_to_sf.o)
                0x0000a3ac                __floatunsisf
 .text          0x0000a48e       0x72 /usr/lib/gcc/msp430/4.6.3/mmpy-16/libgcc.a(_clzsi2.o)
                0x0000a48e                __clzsi2
 .text          0x0000a500      0x1de /usr/lib/gcc/msp430/4.6.3/mmpy-16/libgcc.a(_pack_sf.o)
                0x0000a500                __pack_f
 .text          0x0000a6de      0x124 /usr/lib/gcc/msp430/4.6.3/mmpy-16/libgcc.a(_unpack_sf.o)
                0x0000a6de                __unpack_f
 .text          0x0000a802       0x20 /usr/lib/gcc/msp430/4.6.3/../../../../msp430/lib/mmpy-16/libc.a(memcmp.o)
                0x0000a802                memcmp
 .text          0x0000a822       0xfa /usr/lib/gcc/msp430/4.6.3/../../../../msp430/lib/mmpy-16/libc.a(memcpy.o)
                0x0000a822                memcpy
 .text          0x0000a91c       0x6a /usr/lib/gcc/msp430/4.6.3/../../../../msp430/lib/mmpy-16/libc.a(memset.o)
                0x0000a91c                memset
 .text          0x0000a986       0x1e /usr/lib/gcc/msp430/4.6.3/../../../../msp430/lib/mmpy-16/libc.a(printf.o)
                0x0000a986                printf
                0x0000a996                vprintf
 .text          0x0000a9a4      0x836 /usr/lib/gcc/msp430/4.6.3/../../../../msp430/lib/mmpy-16/libc.a(vuprintf.o)
                0x0000ab3c                vuprintf
 .text          0x0000b1da       0x2c /usr/lib/gcc/msp430/4.6.3/../../../../msp430/lib/mmpy-16/libc.a(puts.o)
                0x0000b1da                puts
 .text          0x0000b206       0x54 /usr/lib/gcc/msp430/4.6.3/../../../../msp430/lib/mmpy-16/libc.a(rand.o)
                0x0000b206                rand_r
                0x0000b22a                rand
                0x0000b250                srand
 .text.libgcc   0x0000b25a       0xf0 /usr/lib/gcc/msp430/4.6.3/mmpy-16/libgcc.a(_udivmod64.o)
                0x0000b25a                __xabi_udivmod64
                0x0000b2b8                __udivdi3
                0x0000b2de                __umoddi3
                0x0000b30c                __udivmoddi4
 .text.crt0     0x0000b34a        0x2 /usr/lib/gcc/msp430/4.6.3/mmpy-16/libcrt0.a(_unexpected_.o)
                0x0000b34a                _unexpected_
                0x0000b34c                . = ALIGN (0x2)

.rodata         0x0000b34c      0x5a6
                0x0000b34c                . = ALIGN (0x2)
 *(.rodata .rodata.* .gnu.linkonce.r.*)
 .rodata        0x0000b34c      0x1be sdn-wise.co
                0x0000b3e2                autostart_processes
 .rodata        0x0000b50a       0x2a obj_sky/flowtable.o
 .rodata        0x0000b534       0x6a obj_sky/packet-handler.o
                0x0000b595                conf_size
 .rodata        0x0000b59e       0xe5 obj_sky/contiki-sky-main.o
 *fill*         0x0000b683        0x1 00
 .rodata        0x0000b684        0xe contiki-sky.a(sht11-sensor.o)
                0x0000b68a                sht11_sensor
 .rodata        0x0000b692        0xe contiki-sky.a(light-sensor.o)
                0x0000b698                light_sensor
 .rodata        0x0000b6a0       0x10 contiki-sky.a(battery-sensor.)
                0x0000b6a8                battery_sensor
 .rodata        0x0000b6b0       0x10 contiki-sky.a(button-sensor.o)
                0x0000b6b8                button_sensor
 .rodata        0x0000b6c0        0x8 contiki-sky.a(sensors.o)
 .rodata        0x0000b6c8       0x70 contiki-sky.a(cc2420.o)
                0x0000b6fa                cc2420_aes_128_driver
                0x0000b6fe                cc2420_driver
 .rodata        0x0000b738        0xf contiki-sky.a(ctimer.o)
 .rodata        0x0000b747        0xc contiki-sky.a(etimer.o)
 .rodata        0x0000b753        0xe contiki-sky.a(serial-line.o)
 *fill*         0x0000b761        0x1 00
 .rodata        0x0000b762        0x8 contiki-sky.a(broadcast.o)
 .rodata        0x0000b76a        0xc contiki-sky.a(rime.o)
                0x0000b770                rime_driver
 .rodata        0x0000b776        0xa contiki-sky.a(unicast.o)
 .rodata        0x0000b780       0x14 contiki-sky.a(csma.o)
                0x0000b786                csma_driver
 .rodata        0x0000b794       0x18 contiki-sky.a(nullrdc.o)
                0x0000b79c                nullrdc_driver
 .rodata        0x0000b7ac        0x2 contiki-sky.a(linkaddr.o)
                0x0000b7ac                linkaddr_null
 .rodata        0x0000b7ae        0x6 contiki-sky.a(contikimac-fram)
                0x0000b7ae                contikimac_framer
 .rodata        0x0000b7b4       0x10 contiki-sky.a(nullsec.o)
                0x0000b7bc                nullsec_driver
 .rodata        0x0000b7c4        0x2 contiki-sky.a(abc.o)
 .rodata        0x0000b7c6        0x4 contiki-sky.a(broadcast-annou)
 .rodata        0x0000b7ca        0x6 contiki-sky.a(framer-802154.o)
                0x0000b7ca                framer_802154
 .rodata        0x0000b7d0       0x10 contiki-sky.a(chameleon-bitop)
                0x0000b7d0                chameleon_bitopt
 .rodata        0x0000b7e0        0x2 contiki-sky.a(frame802154.o)
 .rodata        0x0000b7e2        0x8 /usr/lib/gcc/msp430/4.6.3/mmpy-16/libgcc.a(_thenan_sf.o)
                0x0000b7e2                __thenan_sf
 .rodata        0x0000b7ea      0x100 /usr/lib/gcc/msp430/4.6.3/mmpy-16/libgcc.a(_clz.o)
                0x0000b7ea                __clz_tab
 .rodata        0x0000b8ea        0x7 /usr/lib/gcc/msp430/4.6.3/../../../../msp430/lib/mmpy-16/libc.a(vuprintf.o)
                0x0000b8f2                . = ALIGN (0x2)
 *fill*         0x0000b8f1        0x1 00
                0x0000b8f2                _etext = .

.data           0x00001100      0x216 load address 0x0000b8f2
                0x00001100                . = ALIGN (0x2)
                0x00001100                PROVIDE (__data_start, .)
 *(.data .data.* .gnu.linkonce.d.*)
 .data          0x00001100       0x5a sdn-wise.co
                0x00001100                statistics_proc
                0x0000110a                message_proc
                0x00001114                report_timer_proc
                0x0000111e                beacon_timer_proc
                0x00001128                timer_proc
                0x00001132                packet_handler_proc
                0x0000113c                rf_b_send_proc
                0x00001146                rf_u_send_proc
                0x00001150                main_proc
 .data          0x0000115a       0xae obj_sky/flowtable.o
 .data          0x00001208       0x52 obj_sky/packet-buffer.o
 .data          0x0000125a        0x8 obj_sky/address.o
 .data          0x00001262        0x8 obj_sky/neighbor-table.o
 .data          0x0000126a       0x26 obj_sky/packet-handler.o
                0x0000127e                conf_ptr
 .data          0x00001290       0x1c obj_sky/packet-creator.o
 .data          0x000012ac        0x4 contiki-sky.a(contiki-sky-pla)
                0x000012ac                sensors
 .data          0x000012b0        0x1 contiki-sky.a(sht11-sensor.o)
 *fill*         0x000012b1        0x1 00
 .data          0x000012b2        0xa contiki-sky.a(sensors.o)
                0x000012b2                sensors_process
 .data          0x000012bc        0xc contiki-sky.a(cc2420.o)
                0x000012bc                cc2420_process
 .data          0x000012c8        0x2 contiki-sky.a(msp430.o)
 .data          0x000012ca        0xa contiki-sky.a(ctimer.o)
                0x000012ca                ctimer_process
 .data          0x000012d4        0xa contiki-sky.a(etimer.o)
                0x000012d4                etimer_process
 .data          0x000012de        0xa contiki-sky.a(serial-line.o)
                0x000012de                serial_line_process
 .data          0x000012e8       0x18 contiki-sky.a(csma.o)
 .data          0x00001300       0x10 contiki-sky.a(queuebuf.o)
 .data          0x00001310        0x2 contiki-sky.a(frame802154.o)
 .data          0x00001312        0x4 /usr/lib/gcc/msp430/4.6.3/../../../../msp430/lib/mmpy-16/libc.a(rand.o)
                0x00001316                . = ALIGN (0x2)
                0x00001316                _edata = .
                0x0000b8f2                PROVIDE (__data_load_start, LOADADDR (.data))
                0x00000216                PROVIDE (__data_size, SIZEOF (.data))

.bss            0x00001316     0x18c4 load address 0x0000bb08
                0x00001316                PROVIDE (__bss_start, .)
 *(.bss .bss.*)
 .bss           0x00001316       0xb8 sdn-wise.co
 .bss           0x000013ce      0x408 obj_sky/flowtable.o
 .bss           0x000017d6      0x1e8 obj_sky/packet-buffer.o
 .bss           0x000019be       0x16 obj_sky/address.o
 .bss           0x000019d4       0xd4 obj_sky/neighbor-table.o
 .bss           0x00001aa8        0x1 obj_sky/packet-handler.o
 *fill*         0x00001aa9        0x1 00
 .bss           0x00001aaa        0xc obj_sky/contiki-sky-main.o
 .bss           0x00001ab6        0x8 contiki-sky.a(button-sensor.o)
 .bss           0x00001abe        0x2 contiki-sky.a(node-id.o)
                0x00001abe                node_id
 .bss           0x00001ac0        0x6 contiki-sky.a(sensors.o)
 .bss           0x00001ac6        0xa contiki-sky.a(cc2420.o)
 .bss           0x00001ad0        0x4 contiki-sky.a(sky-sensors.o)
 .bss           0x00001ad4       0x9a contiki-sky.a(uart1.o)
 .bss           0x00001b6e        0xa contiki-sky.a(clock.o)
 .bss           0x00001b78        0x1 contiki-sky.a(leds.o)
 *fill*         0x00001b79        0x1 00
 .bss           0x00001b7a        0x2 contiki-sky.a(watchdog.o)
 .bss           0x00001b7c        0x4 contiki-sky.a(ctimer.o)
 .bss           0x00001b80        0x6 contiki-sky.a(etimer.o)
 .bss           0x00001b86       0x38 contiki-sky.a(process.o)
                0x00001b86                process_current
                0x00001b88                process_list
 .bss           0x00001bbe        0x2 contiki-sky.a(rtimer.o)
 .bss           0x00001bc0      0x10a contiki-sky.a(serial-line.o)
 .bss           0x00001cca        0x2 contiki-sky.a(channel.o)
 .bss           0x00001ccc        0x2 contiki-sky.a(rime.o)
 .bss           0x00001cce      0x124 contiki-sky.a(csma.o)
 .bss           0x00001df2       0x86 contiki-sky.a(packetbuf.o)
 .bss           0x00001e78      0xc20 contiki-sky.a(queuebuf.o)
 .bss           0x00002a98        0x6 contiki-sky.a(announcement.o)
 .bss           0x00002a9e       0x46 contiki-sky.a(broadcast-annou)
 .bss           0x00002ae4        0x2 contiki-sky.a(framer-802154.o)
 *(COMMON)
 COMMON         0x00002ae6       0x14 sdn-wise.co
                0x00002ae6                stat
 COMMON         0x00002afa       0x14 obj_sky/flowtable.o
                0x00002afa                status_register
 COMMON         0x00002b0e       0x18 obj_sky/node-conf.o
                0x00002b0e                conf
 COMMON         0x00002b26        0x2 contiki-sky.a(contiki-sky-pla)
                0x00002b26                sensors_flags
 COMMON         0x00002b28        0x8 contiki-sky.a(ds2411.o)
                0x00002b28                ds2411_id
 COMMON         0x00002b30        0x1 contiki-sky.a(sensors.o)
                0x00002b30                sensors_event
 *fill*         0x00002b31        0x1 00
 COMMON         0x00002b32       0x10 contiki-sky.a(cc2420.o)
                0x00002b32                cc2420_last_rssi
                0x00002b34                cc2420_sfd_start_time
                0x00002b36                cc2420_time_of_departure
                0x00002b38                cc2420_time_of_arrival
                0x00002b3a                cc2420_last_correlation
                0x00002b3c                cc2420_authority_level_of_sender
                0x00002b3e                cc2420_sfd_counter
                0x00002b40                cc2420_sfd_end_time
 COMMON         0x00002b42        0x2 contiki-sky.a(msp430.o)
                0x00002b42                msp430_dco_required
 COMMON         0x00002b44       0x56 contiki-sky.a(energest.o)
                0x00002b44                energest_total_time
                0x00002b74                energest_total_count
                0x00002b76                energest_current_mode
                0x00002b82                energest_current_time
 COMMON         0x00002b9a        0x1 contiki-sky.a(process.o)
                0x00002b9a                process_maxevents
 COMMON         0x00002b9b        0x1 contiki-sky.a(serial-line.o)
                0x00002b9b                serial_line_event_message
 COMMON         0x00002b9c        0x2 contiki-sky.a(linkaddr.o)
                0x00002b9c                linkaddr_node_addr
 COMMON         0x00002b9e       0x3c contiki-sky.a(packetbuf.o)
                0x00002b9e                packetbuf_addrs
                0x00002ba6                packetbuf_attrs
                0x00002bda                . = ALIGN (0x2)
                0x00002bda                PROVIDE (__bss_end, .)
                0x000018c4                PROVIDE (__bss_size, SIZEOF (.bss))

.noinit         0x00002bda        0x2 load address 0x0000bb08
                0x00002bda                PROVIDE (__noinit_start, .)
 *(.noinit .noinit.*)
 .noinit.crt0   0x00002bda        0x2 /usr/lib/gcc/msp430/4.6.3/mmpy-16/libcrt0.a(__watchdog_support.o)
                0x00002bda                __wdt_clear_value
                0x00002bdc                . = ALIGN (0x2)
                0x00002bdc                PROVIDE (__noinit_end, .)
                0x00002bdc                . = ALIGN (0x2)
                0x00002bdc                _end = .

.infomem        0x00001000        0x0
 *(.infomem)
                0x00001000                . = ALIGN (0x2)
 *(.infomem.*)

.infomemnobits  0x00001000        0x0
 *(.infomemnobits)
                0x00001000                . = ALIGN (0x2)
 *(.infomemnobits.*)

.infoa
 *(.infoa .infoa.*)

.infob
 *(.infob .infob.*)

.infoc
 *(.infoc .infoc.*)

.infod
 *(.infod .infod.*)

.vectors        0x0000ffe0       0x20
                0x0000ffe0                PROVIDE (__vectors_start, .)
 *(.vectors*)
 .vectors       0x0000ffe0       0x20 /usr/lib/gcc/msp430/4.6.3/mmpy-16/crt0ivtbl16.o
                0x0000ffe0                __ivtbl_16
                0x00010000                _vectors_end = .

.fartext        0x00000000        0x0
                0x00000000                . = ALIGN (0x2)
 *(.fartext)
                0x00000000                . = ALIGN (0x2)
 *(.fartext.*)
                0x00000000                _efartext = .

.profiler
 *(.profiler)

.stab           0x00000000    0x207a8
 *(.stab)
 .stab          0x00000000     0x2064 sdn-wise.co
 .stab          0x00002064     0x1ec0 obj_sky/flowtable.o
                               0x2124 (size before relaxing)
 .stab          0x00003f24      0x9c0 obj_sky/packet-buffer.o
                                0xe94 (size before relaxing)
 .stab          0x000048e4      0xa5c obj_sky/address.o
                                0xef4 (size before relaxing)
 .stab          0x00005340      0xb40 obj_sky/neighbor-table.o
                               0x1098 (size before relaxing)
 .stab          0x00005e80      0xab0 obj_sky/packet-handler.o
                               0x120c (size before relaxing)
 .stab          0x00006930      0x888 obj_sky/node-conf.o
                               0x1224 (size before relaxing)
 .stab          0x000071b8      0x9cc obj_sky/packet-creator.o
                               0x1050 (size before relaxing)
 .stab          0x00007b84      0xeac obj_sky/contiki-sky-main.o
                               0x17a0 (size before relaxing)
 .stab          0x00008a30      0x264 contiki-sky.a(contiki-sky-pla)
                                0x5b8 (size before relaxing)
 .stab          0x00008c94      0x420 contiki-sky.a(sht11-sensor.o)
                                0x948 (size before relaxing)
 .stab          0x000090b4      0x324 contiki-sky.a(light-sensor.o)
                                0x690 (size before relaxing)
 .stab          0x000093d8      0x30c contiki-sky.a(battery-sensor.)
                                0x684 (size before relaxing)
 .stab          0x000096e4      0x468 contiki-sky.a(button-sensor.o)
                                0x7d4 (size before relaxing)
 .stab          0x00009b4c      0x624 contiki-sky.a(ds2411.o)
                                0xb40 (size before relaxing)
 .stab          0x0000a170      0xa38 contiki-sky.a(xmem.o)
                                0xf60 (size before relaxing)
 .stab          0x0000aba8      0x2b8 contiki-sky.a(node-id.o)
                                0x4e0 (size before relaxing)
 .stab          0x0000ae60      0x63c contiki-sky.a(sensors.o)
                                0xb70 (size before relaxing)
 .stab          0x0000b49c     0x2904 contiki-sky.a(cc2420.o)
                               0x3030 (size before relaxing)
 .stab          0x0000dda0      0xa68 contiki-sky.a(cc2420-arch.o)
                               0x13f8 (size before relaxing)
 .stab          0x0000e808      0x4f8 contiki-sky.a(sky-sensors.o)
                                0x864 (size before relaxing)
 .stab          0x0000ed00      0x60c contiki-sky.a(uart1.o)
                                0x960 (size before relaxing)
 .stab          0x0000f30c      0x234 contiki-sky.a(uart1-putchar.o)
                                0x588 (size before relaxing)
 .stab          0x0000f540      0x744 contiki-sky.a(msp430.o)
                                0xa98 (size before relaxing)
 .stab          0x0000fc84      0x948 contiki-sky.a(clock.o)
                                0xc9c (size before relaxing)
 .stab          0x000105cc      0x5dc contiki-sky.a(leds.o)
                                0x828 (size before relaxing)
 .stab          0x00010ba8      0x3a8 contiki-sky.a(leds-arch.o)
                                0x6fc (size before relaxing)
 .stab          0x00010f50      0x3fc contiki-sky.a(watchdog.o)
                                0x750 (size before relaxing)
 .stab          0x0001134c      0x3cc contiki-sky.a(rtimer-arch.o)
                                0x720 (size before relaxing)
 .stab          0x00011718      0x288 contiki-sky.a(autostart.o)
                                0x534 (size before relaxing)
 .stab          0x000119a0      0x858 contiki-sky.a(ctimer.o)
                                0xbc4 (size before relaxing)
 .stab          0x000121f8      0x474 contiki-sky.a(energest.o)
                                0x6fc (size before relaxing)
 .stab          0x0001266c      0xabc contiki-sky.a(etimer.o)
                                0xd8c (size before relaxing)
 .stab          0x00013128      0xba0 contiki-sky.a(process.o)
                               0x1038 (size before relaxing)
 .stab          0x00013cc8      0x3c0 contiki-sky.a(rtimer.o)
                                0x6c0 (size before relaxing)
 .stab          0x00014088      0x354 contiki-sky.a(timer.o)
                                0x594 (size before relaxing)
 .stab          0x000143dc      0x534 contiki-sky.a(serial-line.o)
                                0xa50 (size before relaxing)
 .stab          0x00014910      0x7f8 contiki-sky.a(list.o)
                                0x804 (size before relaxing)
 .stab          0x00015108      0x5c4 contiki-sky.a(memb.o)
                                0xaf8 (size before relaxing)
 .stab          0x000156cc      0x228 contiki-sky.a(random.o)
                                0x624 (size before relaxing)
 .stab          0x000158f4      0x3fc contiki-sky.a(ringbuf.o)
                                0x63c (size before relaxing)
 .stab          0x00015cf0      0x6d8 contiki-sky.a(broadcast.o)
                               0x1500 (size before relaxing)
 .stab          0x000163c8      0x678 contiki-sky.a(channel.o)
                               0x129c (size before relaxing)
 .stab          0x00016a40      0xbc4 contiki-sky.a(rime.o)
                               0x1410 (size before relaxing)
 .stab          0x00017604      0x624 contiki-sky.a(unicast.o)
                               0x129c (size before relaxing)
 .stab          0x00017c28      0xcf0 contiki-sky.a(csma.o)
                               0x1680 (size before relaxing)
 .stab          0x00018918      0x1f8 contiki-sky.a(mac.o)
                                0x4ec (size before relaxing)
 .stab          0x00018b10      0x708 contiki-sky.a(nullrdc.o)
                               0x1050 (size before relaxing)
 .stab          0x00019218      0x2c4 contiki-sky.a(linkaddr.o)
                                0x6c0 (size before relaxing)
 .stab          0x000194dc      0xc60 contiki-sky.a(packetbuf.o)
                               0x1aa0 (size before relaxing)
 .stab          0x0001a13c      0xa5c contiki-sky.a(queuebuf.o)
                               0x1884 (size before relaxing)
 .stab          0x0001ab98      0x81c contiki-sky.a(contikimac-fram)
                                0xe58 (size before relaxing)
 .stab          0x0001b3b4      0x3c0 contiki-sky.a(nullsec.o)
                                0xcf0 (size before relaxing)
 .stab          0x0001b774      0xbb8 contiki-sky.a(sht11.o)
                               0x10e0 (size before relaxing)
 .stab          0x0001c32c      0x204 contiki-sky.a(spi.o)
                                0x42c (size before relaxing)
 .stab          0x0001c530      0x66c contiki-sky.a(abc.o)
                               0x1494 (size before relaxing)
 .stab          0x0001cb9c      0x6e4 contiki-sky.a(announcement.o)
                                0x984 (size before relaxing)
 .stab          0x0001d280      0x948 contiki-sky.a(broadcast-annou)
                               0x15c0 (size before relaxing)
 .stab          0x0001dbc8      0x594 contiki-sky.a(chameleon.o)
                               0x123c (size before relaxing)
 .stab          0x0001e15c      0x6f0 contiki-sky.a(framer-802154.o)
                                0xf30 (size before relaxing)
 .stab          0x0001e84c      0xd80 contiki-sky.a(chameleon-bitop)
                               0x19f8 (size before relaxing)
 .stab          0x0001f5cc     0x11dc contiki-sky.a(frame802154.o)
                               0x19c8 (size before relaxing)

.stabstr        0x00000000    0x19954
 *(.stabstr)
 .stabstr       0x00000000    0x19954 sdn-wise.co

.stab.excl
 *(.stab.excl)

.stab.exclstr
 *(.stab.exclstr)

.stab.index
 *(.stab.index)

.stab.indexstr
 *(.stab.indexstr)

.comment
 *(.comment)

.debug
 *(.debug)

.line
 *(.line)

.debug_srcinfo
 *(.debug_srcinfo)

.debug_sfnames
 *(.debug_sfnames)

.debug_aranges  0x00000000      0x21c
 *(.debug_aranges)
 .debug_aranges
                0x00000000       0x14 /usr/lib/gcc/msp430/4.6.3/mmpy-16/libgcc.a(_mulsi3.o)
 .debug_aranges
                0x00000014       0x14 /usr/lib/gcc/msp430/4.6.3/mmpy-16/libgcc.a(_udivmod16.o)
 .debug_aranges
                0x00000028       0x14 /usr/lib/gcc/msp430/4.6.3/mmpy-16/libgcc.a(_divmod16.o)
 .debug_aranges
                0x0000003c       0x14 /usr/lib/gcc/msp430/4.6.3/mmpy-16/libgcc.a(_udivmod32.o)
 .debug_aranges
                0x00000050       0x14 /usr/lib/gcc/msp430/4.6.3/mmpy-16/libgcc.a(_addsub_sf.o)
 .debug_aranges
                0x00000064       0x14 /usr/lib/gcc/msp430/4.6.3/mmpy-16/libgcc.a(_mul_sf.o)
 .debug_aranges
                0x00000078       0x14 /usr/lib/gcc/msp430/4.6.3/mmpy-16/libgcc.a(_si_to_sf.o)
 .debug_aranges
                0x0000008c       0x14 /usr/lib/gcc/msp430/4.6.3/mmpy-16/libgcc.a(_sf_to_si.o)
 .debug_aranges
                0x000000a0       0x14 /usr/lib/gcc/msp430/4.6.3/mmpy-16/libgcc.a(_usi_to_sf.o)
 .debug_aranges
                0x000000b4       0x14 /usr/lib/gcc/msp430/4.6.3/mmpy-16/libgcc.a(_clzsi2.o)
 .debug_aranges
                0x000000c8       0x14 /usr/lib/gcc/msp430/4.6.3/mmpy-16/libgcc.a(_pack_sf.o)
 .debug_aranges
                0x000000dc       0x14 /usr/lib/gcc/msp430/4.6.3/mmpy-16/libgcc.a(_unpack_sf.o)
 .debug_aranges
                0x000000f0       0x14 /usr/lib/gcc/msp430/4.6.3/../../../../msp430/lib/mmpy-16/libc.a(strncmp.o)
 .debug_aranges
                0x00000104       0x14 /usr/lib/gcc/msp430/4.6.3/../../../../msp430/lib/mmpy-16/libc.a(memcmp.o)
 .debug_aranges
                0x00000118       0x14 /usr/lib/gcc/msp430/4.6.3/../../../../msp430/lib/mmpy-16/libc.a(memcpy.o)
 .debug_aranges
                0x0000012c       0x14 /usr/lib/gcc/msp430/4.6.3/../../../../msp430/lib/mmpy-16/libc.a(memset.o)
 .debug_aranges
                0x00000140       0x14 /usr/lib/gcc/msp430/4.6.3/../../../../msp430/lib/mmpy-16/libc.a(printf.o)
 .debug_aranges
                0x00000154       0x14 /usr/lib/gcc/msp430/4.6.3/../../../../msp430/lib/mmpy-16/libc.a(vuprintf.o)
 .debug_aranges
                0x00000168       0x14 /usr/lib/gcc/msp430/4.6.3/../../../../msp430/lib/mmpy-16/libc.a(puts.o)
 .debug_aranges
                0x0000017c       0x14 /usr/lib/gcc/msp430/4.6.3/../../../../msp430/lib/mmpy-16/libc.a(rand.o)
 .debug_aranges
                0x00000190       0x14 /usr/lib/gcc/msp430/4.6.3/mmpy-16/libgcc.a(_udivmod64.o)
 .debug_aranges
                0x000001a4       0x14 /usr/lib/gcc/msp430/4.6.3/mmpy-16/libcrt0.a(__watchdog_support.o)
 .debug_aranges
                0x000001b8       0x14 /usr/lib/gcc/msp430/4.6.3/mmpy-16/libcrt0.a(__init_stack.o)
 .debug_aranges
                0x000001cc       0x14 /usr/lib/gcc/msp430/4.6.3/mmpy-16/libcrt0.a(_copy_data.o)
 .debug_aranges
                0x000001e0       0x14 /usr/lib/gcc/msp430/4.6.3/mmpy-16/libcrt0.a(_clear_bss.o)
 .debug_aranges
                0x000001f4       0x14 /usr/lib/gcc/msp430/4.6.3/mmpy-16/libcrt0.a(_endless_loop__.o)
 .debug_aranges
                0x00000208       0x14 /usr/lib/gcc/msp430/4.6.3/mmpy-16/libcrt0.a(_unexpected_.o)

.debug_pubnames
 *(.debug_pubnames)

.debug_info     0x00000000     0x2ad3
 *(.debug_info)
 .debug_info    0x00000000       0xd6 /usr/lib/gcc/msp430/4.6.3/mmpy-16/libgcc.a(_mulsi3.o)
 .debug_info    0x000000d6       0xd6 /usr/lib/gcc/msp430/4.6.3/mmpy-16/libgcc.a(_udivmod16.o)
 .debug_info    0x000001ac       0xd6 /usr/lib/gcc/msp430/4.6.3/mmpy-16/libgcc.a(_divmod16.o)
 .debug_info    0x00000282       0xd6 /usr/lib/gcc/msp430/4.6.3/mmpy-16/libgcc.a(_udivmod32.o)
 .debug_info    0x00000358      0x425 /usr/lib/gcc/msp430/4.6.3/mmpy-16/libgcc.a(_addsub_sf.o)
 .debug_info    0x0000077d      0x3c9 /usr/lib/gcc/msp430/4.6.3/mmpy-16/libgcc.a(_mul_sf.o)
 .debug_info    0x00000b46      0x20b /usr/lib/gcc/msp430/4.6.3/mmpy-16/libgcc.a(_si_to_sf.o)
 .debug_info    0x00000d51      0x289 /usr/lib/gcc/msp430/4.6.3/mmpy-16/libgcc.a(_sf_to_si.o)
 .debug_info    0x00000fda      0x144 /usr/lib/gcc/msp430/4.6.3/mmpy-16/libgcc.a(_thenan_sf.o)
 .debug_info    0x0000111e      0x204 /usr/lib/gcc/msp430/4.6.3/mmpy-16/libgcc.a(_usi_to_sf.o)
 .debug_info    0x00001322      0x109 /usr/lib/gcc/msp430/4.6.3/mmpy-16/libgcc.a(_clzsi2.o)
 .debug_info    0x0000142b      0x2b1 /usr/lib/gcc/msp430/4.6.3/mmpy-16/libgcc.a(_pack_sf.o)
 .debug_info    0x000016dc      0x23e /usr/lib/gcc/msp430/4.6.3/mmpy-16/libgcc.a(_unpack_sf.o)
 .debug_info    0x0000191a       0xa0 /usr/lib/gcc/msp430/4.6.3/mmpy-16/libgcc.a(_clz.o)
 .debug_info    0x000019ba       0xbb /usr/lib/gcc/msp430/4.6.3/../../../../msp430/lib/mmpy-16/libc.a(strncmp.o)
 .debug_info    0x00001a75       0xe8 /usr/lib/gcc/msp430/4.6.3/../../../../msp430/lib/mmpy-16/libc.a(memcmp.o)
 .debug_info    0x00001b5d      0x113 /usr/lib/gcc/msp430/4.6.3/../../../../msp430/lib/mmpy-16/libc.a(memcpy.o)
 .debug_info    0x00001c70       0xfe /usr/lib/gcc/msp430/4.6.3/../../../../msp430/lib/mmpy-16/libc.a(memset.o)
 .debug_info    0x00001d6e      0x105 /usr/lib/gcc/msp430/4.6.3/../../../../msp430/lib/mmpy-16/libc.a(printf.o)
 .debug_info    0x00001e73      0x565 /usr/lib/gcc/msp430/4.6.3/../../../../msp430/lib/mmpy-16/libc.a(vuprintf.o)
 .debug_info    0x000023d8       0x96 /usr/lib/gcc/msp430/4.6.3/../../../../msp430/lib/mmpy-16/libc.a(puts.o)
 .debug_info    0x0000246e      0x13f /usr/lib/gcc/msp430/4.6.3/../../../../msp430/lib/mmpy-16/libc.a(rand.o)
 .debug_info    0x000025ad       0xd6 /usr/lib/gcc/msp430/4.6.3/mmpy-16/libgcc.a(_udivmod64.o)
 .debug_info    0x00002683       0xb8 /usr/lib/gcc/msp430/4.6.3/mmpy-16/libcrt0.a(__watchdog_support.o)
 .debug_info    0x0000273b       0xb8 /usr/lib/gcc/msp430/4.6.3/mmpy-16/libcrt0.a(__init_stack.o)
 .debug_info    0x000027f3       0xb8 /usr/lib/gcc/msp430/4.6.3/mmpy-16/libcrt0.a(_copy_data.o)
 .debug_info    0x000028ab       0xb8 /usr/lib/gcc/msp430/4.6.3/mmpy-16/libcrt0.a(_clear_bss.o)
 .debug_info    0x00002963       0xb8 /usr/lib/gcc/msp430/4.6.3/mmpy-16/libcrt0.a(_endless_loop__.o)
 .debug_info    0x00002a1b       0xb8 /usr/lib/gcc/msp430/4.6.3/mmpy-16/libcrt0.a(_unexpected_.o)
 *(.gnu.linkonce.wi.*)

.debug_abbrev   0x00000000     0x13a3
 *(.debug_abbrev)
 .debug_abbrev  0x00000000       0x14 /usr/lib/gcc/msp430/4.6.3/mmpy-16/libgcc.a(_mulsi3.o)
 .debug_abbrev  0x00000014       0x14 /usr/lib/gcc/msp430/4.6.3/mmpy-16/libgcc.a(_udivmod16.o)
 .debug_abbrev  0x00000028       0x14 /usr/lib/gcc/msp430/4.6.3/mmpy-16/libgcc.a(_divmod16.o)
 .debug_abbrev  0x0000003c       0x14 /usr/lib/gcc/msp430/4.6.3/mmpy-16/libgcc.a(_udivmod32.o)
 .debug_abbrev  0x00000050      0x1ab /usr/lib/gcc/msp430/4.6.3/mmpy-16/libgcc.a(_addsub_sf.o)
 .debug_abbrev  0x000001fb      0x1d9 /usr/lib/gcc/msp430/4.6.3/mmpy-16/libgcc.a(_mul_sf.o)
 .debug_abbrev  0x000003d4      0x164 /usr/lib/gcc/msp430/4.6.3/mmpy-16/libgcc.a(_si_to_sf.o)
 .debug_abbrev  0x00000538      0x160 /usr/lib/gcc/msp430/4.6.3/mmpy-16/libgcc.a(_sf_to_si.o)
 .debug_abbrev  0x00000698       0xba /usr/lib/gcc/msp430/4.6.3/mmpy-16/libgcc.a(_thenan_sf.o)
 .debug_abbrev  0x00000752      0x173 /usr/lib/gcc/msp430/4.6.3/mmpy-16/libgcc.a(_usi_to_sf.o)
 .debug_abbrev  0x000008c5       0xac /usr/lib/gcc/msp430/4.6.3/mmpy-16/libgcc.a(_clzsi2.o)
 .debug_abbrev  0x00000971      0x192 /usr/lib/gcc/msp430/4.6.3/mmpy-16/libgcc.a(_pack_sf.o)
 .debug_abbrev  0x00000b03      0x15a /usr/lib/gcc/msp430/4.6.3/mmpy-16/libgcc.a(_unpack_sf.o)
 .debug_abbrev  0x00000c5d       0x61 /usr/lib/gcc/msp430/4.6.3/mmpy-16/libgcc.a(_clz.o)
 .debug_abbrev  0x00000cbe       0x7c /usr/lib/gcc/msp430/4.6.3/../../../../msp430/lib/mmpy-16/libc.a(strncmp.o)
 .debug_abbrev  0x00000d3a       0x9b /usr/lib/gcc/msp430/4.6.3/../../../../msp430/lib/mmpy-16/libc.a(memcmp.o)
 .debug_abbrev  0x00000dd5       0x97 /usr/lib/gcc/msp430/4.6.3/../../../../msp430/lib/mmpy-16/libc.a(memcpy.o)
 .debug_abbrev  0x00000e6c       0x9c /usr/lib/gcc/msp430/4.6.3/../../../../msp430/lib/mmpy-16/libc.a(memset.o)
 .debug_abbrev  0x00000f08       0xd0 /usr/lib/gcc/msp430/4.6.3/../../../../msp430/lib/mmpy-16/libc.a(printf.o)
 .debug_abbrev  0x00000fd8      0x1ef /usr/lib/gcc/msp430/4.6.3/../../../../msp430/lib/mmpy-16/libc.a(vuprintf.o)
 .debug_abbrev  0x000011c7       0x60 /usr/lib/gcc/msp430/4.6.3/../../../../msp430/lib/mmpy-16/libc.a(puts.o)
 .debug_abbrev  0x00001227       0xf0 /usr/lib/gcc/msp430/4.6.3/../../../../msp430/lib/mmpy-16/libc.a(rand.o)
 .debug_abbrev  0x00001317       0x14 /usr/lib/gcc/msp430/4.6.3/mmpy-16/libgcc.a(_udivmod64.o)
 .debug_abbrev  0x0000132b       0x14 /usr/lib/gcc/msp430/4.6.3/mmpy-16/libcrt0.a(__watchdog_support.o)
 .debug_abbrev  0x0000133f       0x14 /usr/lib/gcc/msp430/4.6.3/mmpy-16/libcrt0.a(__init_stack.o)
 .debug_abbrev  0x00001353       0x14 /usr/lib/gcc/msp430/4.6.3/mmpy-16/libcrt0.a(_copy_data.o)
 .debug_abbrev  0x00001367       0x14 /usr/lib/gcc/msp430/4.6.3/mmpy-16/libcrt0.a(_clear_bss.o)
 .debug_abbrev  0x0000137b       0x14 /usr/lib/gcc/msp430/4.6.3/mmpy-16/libcrt0.a(_endless_loop__.o)
 .debug_abbrev  0x0000138f       0x14 /usr/lib/gcc/msp430/4.6.3/mmpy-16/libcrt0.a(_unexpected_.o)

.debug_line     0x00000000     0x158b
 *(.debug_line)
 .debug_line    0x00000000       0xa3 /usr/lib/gcc/msp430/4.6.3/mmpy-16/libgcc.a(_mulsi3.o)
 .debug_line    0x000000a3       0x9c /usr/lib/gcc/msp430/4.6.3/mmpy-16/libgcc.a(_udivmod16.o)
 .debug_line    0x0000013f       0xa7 /usr/lib/gcc/msp430/4.6.3/mmpy-16/libgcc.a(_divmod16.o)
 .debug_line    0x000001e6       0xab /usr/lib/gcc/msp430/4.6.3/mmpy-16/libgcc.a(_udivmod32.o)
 .debug_line    0x00000291      0x13f /usr/lib/gcc/msp430/4.6.3/mmpy-16/libgcc.a(_addsub_sf.o)
 .debug_line    0x000003d0      0x137 /usr/lib/gcc/msp430/4.6.3/mmpy-16/libgcc.a(_mul_sf.o)
 .debug_line    0x00000507       0xc9 /usr/lib/gcc/msp430/4.6.3/mmpy-16/libgcc.a(_si_to_sf.o)
 .debug_line    0x000005d0       0xbf /usr/lib/gcc/msp430/4.6.3/mmpy-16/libgcc.a(_sf_to_si.o)
 .debug_line    0x0000068f       0x94 /usr/lib/gcc/msp430/4.6.3/mmpy-16/libgcc.a(_thenan_sf.o)
 .debug_line    0x00000723       0xc6 /usr/lib/gcc/msp430/4.6.3/mmpy-16/libgcc.a(_usi_to_sf.o)
 .debug_line    0x000007e9       0xbe /usr/lib/gcc/msp430/4.6.3/mmpy-16/libgcc.a(_clzsi2.o)
 .debug_line    0x000008a7      0x102 /usr/lib/gcc/msp430/4.6.3/mmpy-16/libgcc.a(_pack_sf.o)
 .debug_line    0x000009a9       0xdd /usr/lib/gcc/msp430/4.6.3/mmpy-16/libgcc.a(_unpack_sf.o)
 .debug_line    0x00000a86       0x80 /usr/lib/gcc/msp430/4.6.3/mmpy-16/libgcc.a(_clz.o)
 .debug_line    0x00000b06       0x75 /usr/lib/gcc/msp430/4.6.3/../../../../msp430/lib/mmpy-16/libc.a(strncmp.o)
 .debug_line    0x00000b7b       0x73 /usr/lib/gcc/msp430/4.6.3/../../../../msp430/lib/mmpy-16/libc.a(memcmp.o)
 .debug_line    0x00000bee       0xe9 /usr/lib/gcc/msp430/4.6.3/../../../../msp430/lib/mmpy-16/libc.a(memcpy.o)
 .debug_line    0x00000cd7       0xc8 /usr/lib/gcc/msp430/4.6.3/../../../../msp430/lib/mmpy-16/libc.a(memset.o)
 .debug_line    0x00000d9f       0x72 /usr/lib/gcc/msp430/4.6.3/../../../../msp430/lib/mmpy-16/libc.a(printf.o)
 .debug_line    0x00000e11      0x2d2 /usr/lib/gcc/msp430/4.6.3/../../../../msp430/lib/mmpy-16/libc.a(vuprintf.o)
 .debug_line    0x000010e3       0x4d /usr/lib/gcc/msp430/4.6.3/../../../../msp430/lib/mmpy-16/libc.a(puts.o)
 .debug_line    0x00001130       0x4f /usr/lib/gcc/msp430/4.6.3/../../../../msp430/lib/mmpy-16/libc.a(rand.o)
 .debug_line    0x0000117f       0xf1 /usr/lib/gcc/msp430/4.6.3/mmpy-16/libgcc.a(_udivmod64.o)
 .debug_line    0x00001270       0x84 /usr/lib/gcc/msp430/4.6.3/mmpy-16/libcrt0.a(__watchdog_support.o)
 .debug_line    0x000012f4       0x82 /usr/lib/gcc/msp430/4.6.3/mmpy-16/libcrt0.a(__init_stack.o)
 .debug_line    0x00001376       0x88 /usr/lib/gcc/msp430/4.6.3/mmpy-16/libcrt0.a(_copy_data.o)
 .debug_line    0x000013fe       0x88 /usr/lib/gcc/msp430/4.6.3/mmpy-16/libcrt0.a(_clear_bss.o)
 .debug_line    0x00001486       0x83 /usr/lib/gcc/msp430/4.6.3/mmpy-16/libcrt0.a(_endless_loop__.o)
 .debug_line    0x00001509       0x82 /usr/lib/gcc/msp430/4.6.3/mmpy-16/libcrt0.a(_unexpected_.o)

.debug_frame    0x00000000      0x3b2
 *(.debug_frame)
 .debug_frame   0x00000000       0x6a /usr/lib/gcc/msp430/4.6.3/mmpy-16/libgcc.a(_addsub_sf.o)
 .debug_frame   0x0000006a       0x4a /usr/lib/gcc/msp430/4.6.3/mmpy-16/libgcc.a(_mul_sf.o)
 .debug_frame   0x000000b4       0x2c /usr/lib/gcc/msp430/4.6.3/mmpy-16/libgcc.a(_si_to_sf.o)
 .debug_frame   0x000000e0       0x22 /usr/lib/gcc/msp430/4.6.3/mmpy-16/libgcc.a(_sf_to_si.o)
 .debug_frame   0x00000102       0x36 /usr/lib/gcc/msp430/4.6.3/mmpy-16/libgcc.a(_usi_to_sf.o)
 .debug_frame   0x00000138       0x2e /usr/lib/gcc/msp430/4.6.3/mmpy-16/libgcc.a(_clzsi2.o)
 .debug_frame   0x00000166       0x38 /usr/lib/gcc/msp430/4.6.3/mmpy-16/libgcc.a(_pack_sf.o)
 .debug_frame   0x0000019e       0x28 /usr/lib/gcc/msp430/4.6.3/mmpy-16/libgcc.a(_unpack_sf.o)
 .debug_frame   0x000001c6       0x24 /usr/lib/gcc/msp430/4.6.3/../../../../msp430/lib/mmpy-16/libc.a(strncmp.o)
 .debug_frame   0x000001ea       0x24 /usr/lib/gcc/msp430/4.6.3/../../../../msp430/lib/mmpy-16/libc.a(memcmp.o)
 .debug_frame   0x0000020e       0x38 /usr/lib/gcc/msp430/4.6.3/../../../../msp430/lib/mmpy-16/libc.a(memcpy.o)
 .debug_frame   0x00000246       0x32 /usr/lib/gcc/msp430/4.6.3/../../../../msp430/lib/mmpy-16/libc.a(memset.o)